Command line invocation:
    /Applications/Xcode.app/Contents/Developer/usr/bin/xcodebuild -project /Users/axiolevns/axiolev_runtime/apps/ns_mac/NSInfinityApp/NSInfinityApp.xcodeproj -scheme NSInfinityApp -configuration Debug -destination platform=macOS -derivedDataPath /Users/axiolevns/axiolev_runtime/.build/ui_runs/20260424_153500/derived -skipMacroValidation CODE_SIGN_IDENTITY=- CODE_SIGNING_REQUIRED=NO CODE_SIGNING_ALLOWED=NO ONLY_ACTIVE_ARCH=YES build

Build settings from command line:
    CODE_SIGN_IDENTITY = -
    CODE_SIGNING_ALLOWED = NO
    CODE_SIGNING_REQUIRED = NO
    ONLY_ACTIVE_ARCH = YES

2026-04-24 15:46:43.194 xcodebuild[9388:134855] [MT] IDERunDestination: Supported platforms for the buildables in the current scheme is empty.
--- xcodebuild: WARNING: Using the first of multiple matching destinations:
{ platform:macOS, arch:arm64, id:00006032-000270520145801C, name:My Mac }
{ platform:macOS, arch:x86_64, id:00006032-000270520145801C, name:My Mac }
note: Using codesigning identity override: -
ComputePackagePrebuildTargetDependencyGraph

Prepare packages

CreateBuildRequest

SendProjectDescription

CreateBuildOperation

ComputeTargetDependencyGraph
note: Building targets in dependency order
note: Target dependency graph (1 target)
    Target 'NSInfinityApp' in project 'NSInfinityApp' (no dependencies)

GatherProvisioningInputs

CreateBuildDescription

ClangStatCache /Applications/Xcode.app/Contents/Developer/Toolchains/XcodeDefault.xctoolchain/usr/bin/clang-stat-cache /Applications/Xcode.app/Contents/Developer/Platforms/MacOSX.platform/Developer/SDKs/MacOSX26.4.sdk /Users/axiolevns/axiolev_runtime/.build/ui_runs/20260424_153500/derived/SDKStatCaches.noindex/macosx26.4-25E251-688ef53f1462e2c8f657fdc38a81448f30f9ca8789b706f8bd3fc906a70d770f.sdkstatcache
    cd /Users/axiolevns/axiolev_runtime/apps/ns_mac/NSInfinityApp/NSInfinityApp.xcodeproj
    /Applications/Xcode.app/Contents/Developer/Toolchains/XcodeDefault.xctoolchain/usr/bin/clang-stat-cache /Applications/Xcode.app/Contents/Developer/Platforms/MacOSX.platform/Developer/SDKs/MacOSX26.4.sdk -o /Users/axiolevns/axiolev_runtime/.build/ui_runs/20260424_153500/derived/SDKStatCaches.noindex/macosx26.4-25E251-688ef53f1462e2c8f657fdc38a81448f30f9ca8789b706f8bd3fc906a70d770f.sdkstatcache

note: Disabling hardened runtime with ad-hoc codesigning. (in target 'NSInfinityApp' from project 'NSInfinityApp')
SwiftDriver NSInfinityApp normal arm64 com.apple.xcode.tools.swift.compiler (in target 'NSInfinityApp' from project 'NSInfinityApp')
    cd /Users/axiolevns/axiolev_runtime/apps/ns_mac/NSInfinityApp
    builtin-SwiftDriver -- /Applications/Xcode.app/Contents/Developer/Toolchains/XcodeDefault.xctoolchain/usr/bin/swiftc -module-name NSInfinityApp -Onone @/Users/axiolevns/axiolev_runtime/.build/ui_runs/20260424_153500/derived/Build/Intermediates.noindex/NSInfinityApp.build/Debug/NSInfinityApp.build/Objects-normal/arm64/NSInfinityApp.SwiftFileList -DDEBUG -enable-bare-slash-regex -enable-experimental-feature DebugDescriptionMacro -sdk /Applications/Xcode.app/Contents/Developer/Platforms/MacOSX.platform/Developer/SDKs/MacOSX26.4.sdk -target arm64-apple-macos14.0 -g -module-cache-path /Users/axiolevns/axiolev_runtime/.build/ui_runs/20260424_153500/derived/ModuleCache.noindex -Xfrontend -serialize-debugging-options -enable-testing -index-store-path /Users/axiolevns/axiolev_runtime/.build/ui_runs/20260424_153500/derived/Index.noindex/DataStore -Xcc -D_LIBCPP_HARDENING_MODE\=_LIBCPP_HARDENING_MODE_DEBUG -swift-version 5 -I /Users/axiolevns/axiolev_runtime/.build/ui_runs/20260424_153500/derived/Build/Products/Debug -F /Users/axiolevns/axiolev_runtime/.build/ui_runs/20260424_153500/derived/Build/Products/Debug -emit-localized-strings -emit-localized-strings-path /Users/axiolevns/axiolev_runtime/.build/ui_runs/20260424_153500/derived/Build/Intermediates.noindex/NSInfinityApp.build/Debug/NSInfinityApp.build/Objects-normal/arm64 -c -j28 -enable-batch-mode -incremental -Xcc -ivfsstatcache -Xcc /Users/axiolevns/axiolev_runtime/.build/ui_runs/20260424_153500/derived/SDKStatCaches.noindex/macosx26.4-25E251-688ef53f1462e2c8f657fdc38a81448f30f9ca8789b706f8bd3fc906a70d770f.sdkstatcache -output-file-map /Users/axiolevns/axiolev_runtime/.build/ui_runs/20260424_153500/derived/Build/Intermediates.noindex/NSInfinityApp.build/Debug/NSInfinityApp.build/Objects-normal/arm64/NSInfinityApp-OutputFileMap.json -use-frontend-parseable-output -save-temps -no-color-diagnostics -explicit-module-build -module-cache-path /Users/axiolevns/axiolev_runtime/.build/ui_runs/20260424_153500/derived/Build/Intermediates.noindex/SwiftExplicitPrecompiledModules -clang-scanner-module-cache-path /Users/axiolevns/axiolev_runtime/.build/ui_runs/20260424_153500/derived/ModuleCache.noindex -sdk-module-cache-path /Users/axiolevns/axiolev_runtime/.build/ui_runs/20260424_153500/derived/ModuleCache.noindex -serialize-diagnostics -emit-dependencies -emit-module -emit-module-path /Users/axiolevns/axiolev_runtime/.build/ui_runs/20260424_153500/derived/Build/Intermediates.noindex/NSInfinityApp.build/Debug/NSInfinityApp.build/Objects-normal/arm64/NSInfinityApp.swiftmodule -validate-clang-modules-once -clang-build-session-file /Users/axiolevns/axiolev_runtime/.build/ui_runs/20260424_153500/derived/ModuleCache.noindex/Session.modulevalidation -Xcc -I/Users/axiolevns/axiolev_runtime/.build/ui_runs/20260424_153500/derived/Build/Intermediates.noindex/NSInfinityApp.build/Debug/NSInfinityApp.build/swift-overrides.hmap -emit-const-values -Xfrontend -const-gather-protocols-file -Xfrontend /Users/axiolevns/axiolev_runtime/.build/ui_runs/20260424_153500/derived/Build/Intermediates.noindex/NSInfinityApp.build/Debug/NSInfinityApp.build/Objects-normal/arm64/NSInfinityApp_const_extract_protocols.json -Xcc -iquote -Xcc /Users/axiolevns/axiolev_runtime/.build/ui_runs/20260424_153500/derived/Build/Intermediates.noindex/NSInfinityApp.build/Debug/NSInfinityApp.build/NSInfinityApp-generated-files.hmap -Xcc -I/Users/axiolevns/axiolev_runtime/.build/ui_runs/20260424_153500/derived/Build/Intermediates.noindex/NSInfinityApp.build/Debug/NSInfinityApp.build/NSInfinityApp-own-target-headers.hmap -Xcc -I/Users/axiolevns/axiolev_runtime/.build/ui_runs/20260424_153500/derived/Build/Intermediates.noindex/NSInfinityApp.build/Debug/NSInfinityApp.build/NSInfinityApp-all-target-headers.hmap -Xcc -iquote -Xcc /Users/axiolevns/axiolev_runtime/.build/ui_runs/20260424_153500/derived/Build/Intermediates.noindex/NSInfinityApp.build/Debug/NSInfinityApp.build/NSInfinityApp-project-headers.hmap -Xcc -I/Users/axiolevns/axiolev_runtime/.build/ui_runs/20260424_153500/derived/Build/Products/Debug/include -Xcc -I/Users/axiolevns/axiolev_runtime/.build/ui_runs/20260424_153500/derived/Build/Intermediates.noindex/NSInfinityApp.build/Debug/NSInfinityApp.build/DerivedSources-normal/arm64 -Xcc -I/Users/axiolevns/axiolev_runtime/.build/ui_runs/20260424_153500/derived/Build/Intermediates.noindex/NSInfinityApp.build/Debug/NSInfinityApp.build/DerivedSources/arm64 -Xcc -I/Users/axiolevns/axiolev_runtime/.build/ui_runs/20260424_153500/derived/Build/Intermediates.noindex/NSInfinityApp.build/Debug/NSInfinityApp.build/DerivedSources -Xcc -DDEBUG\=1 -emit-objc-header -emit-objc-header-path /Users/axiolevns/axiolev_runtime/.build/ui_runs/20260424_153500/derived/Build/Intermediates.noindex/NSInfinityApp.build/Debug/NSInfinityApp.build/Objects-normal/arm64/NSInfinityApp-Swift.h -working-directory /Users/axiolevns/axiolev_runtime/apps/ns_mac/NSInfinityApp -experimental-emit-module-separately -disable-cmo

SwiftCompile normal arm64 Compiling\ TopBar.swift /Users/axiolevns/axiolev_runtime/apps/ns_mac/NSInfinityApp/NSInfinityApp/Shell/TopBar.swift (in target 'NSInfinityApp' from project 'NSInfinityApp')

SwiftCompile normal arm64 /Users/axiolevns/axiolev_runtime/apps/ns_mac/NSInfinityApp/NSInfinityApp/Shell/TopBar.swift (in target 'NSInfinityApp' from project 'NSInfinityApp')
    cd /Users/axiolevns/axiolev_runtime/apps/ns_mac/NSInfinityApp
    

SwiftCompile normal arm64 Compiling\ RightInspector.swift /Users/axiolevns/axiolev_runtime/apps/ns_mac/NSInfinityApp/NSInfinityApp/Shell/RightInspector.swift (in target 'NSInfinityApp' from project 'NSInfinityApp')
SwiftCompile normal arm64 /Users/axiolevns/axiolev_runtime/apps/ns_mac/NSInfinityApp/NSInfinityApp/Shell/RightInspector.swift (in target 'NSInfinityApp' from project 'NSInfinityApp')
    cd /Users/axiolevns/axiolev_runtime/apps/ns_mac/NSInfinityApp
    

SwiftCompile normal arm64 Compiling\ AppShell.swift /Users/axiolevns/axiolev_runtime/apps/ns_mac/NSInfinityApp/NSInfinityApp/Shell/AppShell.swift (in target 'NSInfinityApp' from project 'NSInfinityApp')

SwiftCompile normal arm64 /Users/axiolevns/axiolev_runtime/apps/ns_mac/NSInfinityApp/NSInfinityApp/Shell/AppShell.swift (in target 'NSInfinityApp' from project 'NSInfinityApp')
    cd /Users/axiolevns/axiolev_runtime/apps/ns_mac/NSInfinityApp
    

SwiftCompile normal arm64 Compiling\ MetalView.swift /Users/axiolevns/axiolev_runtime/apps/ns_mac/NSInfinityApp/NSInfinityApp/Metal/MetalView.swift (in target 'NSInfinityApp' from project 'NSInfinityApp')

SwiftCompile normal arm64 /Users/axiolevns/axiolev_runtime/apps/ns_mac/NSInfinityApp/NSInfinityApp/Metal/MetalView.swift (in target 'NSInfinityApp' from project 'NSInfinityApp')
    cd /Users/axiolevns/axiolev_runtime/apps/ns_mac/NSInfinityApp
    

SwiftCompile normal arm64 Compiling\ ServiceHealth.swift /Users/axiolevns/axiolev_runtime/apps/ns_mac/NSInfinityApp/NSInfinityApp/Models/ServiceHealth.swift (in target 'NSInfinityApp' from project 'NSInfinityApp')

SwiftCompile normal arm64 /Users/axiolevns/axiolev_runtime/apps/ns_mac/NSInfinityApp/NSInfinityApp/Models/ServiceHealth.swift (in target 'NSInfinityApp' from project 'NSInfinityApp')
    cd /Users/axiolevns/axiolev_runtime/apps/ns_mac/NSInfinityApp
    

SwiftCompile normal arm64 Compiling\ BottomTimeline.swift /Users/axiolevns/axiolev_runtime/apps/ns_mac/NSInfinityApp/NSInfinityApp/Shell/BottomTimeline.swift (in target 'NSInfinityApp' from project 'NSInfinityApp')

SwiftCompile normal arm64 /Users/axiolevns/axiolev_runtime/apps/ns_mac/NSInfinityApp/NSInfinityApp/Shell/BottomTimeline.swift (in target 'NSInfinityApp' from project 'NSInfinityApp')
    cd /Users/axiolevns/axiolev_runtime/apps/ns_mac/NSInfinityApp
    

SwiftCompile normal arm64 Compiling\ LeftRail.swift /Users/axiolevns/axiolev_runtime/apps/ns_mac/NSInfinityApp/NSInfinityApp/Shell/LeftRail.swift (in target 'NSInfinityApp' from project 'NSInfinityApp')

SwiftCompile normal arm64 /Users/axiolevns/axiolev_runtime/apps/ns_mac/NSInfinityApp/NSInfinityApp/Shell/LeftRail.swift (in target 'NSInfinityApp' from project 'NSInfinityApp')
    cd /Users/axiolevns/axiolev_runtime/apps/ns_mac/NSInfinityApp
    

SwiftCompile normal arm64 Compiling\ OrganismRenderer.swift /Users/axiolevns/axiolev_runtime/apps/ns_mac/NSInfinityApp/NSInfinityApp/Metal/OrganismRenderer.swift (in target 'NSInfinityApp' from project 'NSInfinityApp')

SwiftCompile normal arm64 /Users/axiolevns/axiolev_runtime/apps/ns_mac/NSInfinityApp/NSInfinityApp/Metal/OrganismRenderer.swift (in target 'NSInfinityApp' from project 'NSInfinityApp')
    cd /Users/axiolevns/axiolev_runtime/apps/ns_mac/NSInfinityApp
    
/Users/axiolevns/axiolev_runtime/apps/ns_mac/NSInfinityApp/NSInfinityApp/Metal/OrganismRenderer.swift:173:19: warning: immutable value 'pipelineState' was never used; consider replacing with '_' or removing it
        guard let pipelineState, let particlePipeline,
              ~~~~^~~~~~~~~~~~~
              _
/Users/axiolevns/axiolev_runtime/apps/ns_mac/NSInfinityApp/NSInfinityApp/Metal/OrganismRenderer.swift:173:38: warning: immutable value 'particlePipeline' was never used; consider replacing with '_' or removing it
        guard let pipelineState, let particlePipeline,
                                 ~~~~^~~~~~~~~~~~~~~~
                                 _

SwiftEmitModule normal arm64 Emitting\ module\ for\ NSInfinityApp (in target 'NSInfinityApp' from project 'NSInfinityApp')

EmitSwiftModule normal arm64 (in target 'NSInfinityApp' from project 'NSInfinityApp')
    cd /Users/axiolevns/axiolev_runtime/apps/ns_mac/NSInfinityApp
    

SwiftDriverJobDiscovery normal arm64 Compiling ServiceHealth.swift (in target 'NSInfinityApp' from project 'NSInfinityApp')

SwiftCompile normal arm64 Compiling\ NSInfinityApp.swift /Users/axiolevns/axiolev_runtime/apps/ns_mac/NSInfinityApp/NSInfinityApp/App/NSInfinityApp.swift (in target 'NSInfinityApp' from project 'NSInfinityApp')

SwiftCompile normal arm64 /Users/axiolevns/axiolev_runtime/apps/ns_mac/NSInfinityApp/NSInfinityApp/App/NSInfinityApp.swift (in target 'NSInfinityApp' from project 'NSInfinityApp')
    cd /Users/axiolevns/axiolev_runtime/apps/ns_mac/NSInfinityApp
    

SwiftCompile normal arm64 Compiling\ FounderHomeView.swift /Users/axiolevns/axiolev_runtime/apps/ns_mac/NSInfinityApp/NSInfinityApp/Features/FounderHomeView.swift (in target 'NSInfinityApp' from project 'NSInfinityApp')
SwiftCompile normal arm64 /Users/axiolevns/axiolev_runtime/apps/ns_mac/NSInfinityApp/NSInfinityApp/Features/FounderHomeView.swift (in target 'NSInfinityApp' from project 'NSInfinityApp')
    cd /Users/axiolevns/axiolev_runtime/apps/ns_mac/NSInfinityApp
    

SwiftCompile normal arm64 Compiling\ HealthPoller.swift /Users/axiolevns/axiolev_runtime/apps/ns_mac/NSInfinityApp/NSInfinityApp/Bridges/HealthPoller.swift (in target 'NSInfinityApp' from project 'NSInfinityApp')

SwiftCompile normal arm64 /Users/axiolevns/axiolev_runtime/apps/ns_mac/NSInfinityApp/NSInfinityApp/Bridges/HealthPoller.swift (in target 'NSInfinityApp' from project 'NSInfinityApp')
    cd /Users/axiolevns/axiolev_runtime/apps/ns_mac/NSInfinityApp
    
/Users/axiolevns/axiolev_runtime/apps/ns_mac/NSInfinityApp/NSInfinityApp/Bridges/HealthPoller.swift:71:40: warning: call to method 'scoreBand' in closure requires explicit use of 'self' to make capture semantics explicit; this is an error in the Swift 6 language mode
                    state.scoreLabel = scoreBand(s)
                                       ^
/Users/axiolevns/axiolev_runtime/apps/ns_mac/NSInfinityApp/NSInfinityApp/Bridges/HealthPoller.swift:55:60: warning: reference to captured var 'anyOnline' in concurrently-executing code; this is an error in the Swift 6 language mode
            await MainActor.run { state.isServicesOnline = anyOnline }
                                                           ^

SwiftCompile normal arm64 Compiling\ VoiceOverlay.swift /Users/axiolevns/axiolev_runtime/apps/ns_mac/NSInfinityApp/NSInfinityApp/Shell/VoiceOverlay.swift (in target 'NSInfinityApp' from project 'NSInfinityApp')

SwiftCompile normal arm64 /Users/axiolevns/axiolev_runtime/apps/ns_mac/NSInfinityApp/NSInfinityApp/Shell/VoiceOverlay.swift (in target 'NSInfinityApp' from project 'NSInfinityApp')
    cd /Users/axiolevns/axiolev_runtime/apps/ns_mac/NSInfinityApp
    

SwiftCompile normal arm64 Compiling\ AppState.swift /Users/axiolevns/axiolev_runtime/apps/ns_mac/NSInfinityApp/NSInfinityApp/Models/AppState.swift (in target 'NSInfinityApp' from project 'NSInfinityApp')

SwiftCompile normal arm64 /Users/axiolevns/axiolev_runtime/apps/ns_mac/NSInfinityApp/NSInfinityApp/Models/AppState.swift (in target 'NSInfinityApp' from project 'NSInfinityApp')
    cd /Users/axiolevns/axiolev_runtime/apps/ns_mac/NSInfinityApp
    

SwiftCompile normal arm64 Compiling\ CenterCanvas.swift /Users/axiolevns/axiolev_runtime/apps/ns_mac/NSInfinityApp/NSInfinityApp/Shell/CenterCanvas.swift (in target 'NSInfinityApp' from project 'NSInfinityApp')

SwiftCompile normal arm64 /Users/axiolevns/axiolev_runtime/apps/ns_mac/NSInfinityApp/NSInfinityApp/Shell/CenterCanvas.swift (in target 'NSInfinityApp' from project 'NSInfinityApp')
    cd /Users/axiolevns/axiolev_runtime/apps/ns_mac/NSInfinityApp
    

SwiftDriverJobDiscovery normal arm64 Compiling AppShell.swift (in target 'NSInfinityApp' from project 'NSInfinityApp')

SwiftDriverJobDiscovery normal arm64 Compiling MetalView.swift (in target 'NSInfinityApp' from project 'NSInfinityApp')

SwiftDriverJobDiscovery normal arm64 Compiling CenterCanvas.swift (in target 'NSInfinityApp' from project 'NSInfinityApp')

SwiftDriverJobDiscovery normal arm64 Compiling LeftRail.swift (in target 'NSInfinityApp' from project 'NSInfinityApp')

SwiftDriverJobDiscovery normal arm64 Compiling NSInfinityApp.swift (in target 'NSInfinityApp' from project 'NSInfinityApp')

SwiftDriverJobDiscovery normal arm64 Compiling TopBar.swift (in target 'NSInfinityApp' from project 'NSInfinityApp')

SwiftDriverJobDiscovery normal arm64 Compiling HealthPoller.swift (in target 'NSInfinityApp' from project 'NSInfinityApp')

SwiftDriverJobDiscovery normal arm64 Compiling AppState.swift (in target 'NSInfinityApp' from project 'NSInfinityApp')

SwiftDriverJobDiscovery normal arm64 Compiling BottomTimeline.swift (in target 'NSInfinityApp' from project 'NSInfinityApp')

SwiftDriverJobDiscovery normal arm64 Compiling OrganismRenderer.swift (in target 'NSInfinityApp' from project 'NSInfinityApp')

SwiftCompile normal arm64 Compiling\ LivingArchitectureView.swift /Users/axiolevns/axiolev_runtime/apps/ns_mac/NSInfinityApp/NSInfinityApp/Features/LivingArchitectureView.swift (in target 'NSInfinityApp' from project 'NSInfinityApp')
SwiftCompile normal arm64 /Users/axiolevns/axiolev_runtime/apps/ns_mac/NSInfinityApp/NSInfinityApp/Features/LivingArchitectureView.swift (in target 'NSInfinityApp' from project 'NSInfinityApp')
    cd /Users/axiolevns/axiolev_runtime/apps/ns_mac/NSInfinityApp
    

SwiftDriverJobDiscovery normal arm64 Compiling RightInspector.swift (in target 'NSInfinityApp' from project 'NSInfinityApp')

SwiftDriverJobDiscovery normal arm64 Compiling VoiceOverlay.swift (in target 'NSInfinityApp' from project 'NSInfinityApp')

SwiftDriverJobDiscovery normal arm64 Compiling FounderHomeView.swift (in target 'NSInfinityApp' from project 'NSInfinityApp')

SwiftDriverJobDiscovery normal arm64 Compiling LivingArchitectureView.swift (in target 'NSInfinityApp' from project 'NSInfinityApp')

SwiftDriver\ Compilation NSInfinityApp normal arm64 com.apple.xcode.tools.swift.compiler (in target 'NSInfinityApp' from project 'NSInfinityApp')
    cd /Users/axiolevns/axiolev_runtime/apps/ns_mac/NSInfinityApp
    builtin-Swift-Compilation -- /Applications/Xcode.app/Contents/Developer/Toolchains/XcodeDefault.xctoolchain/usr/bin/swiftc -module-name NSInfinityApp -Onone @/Users/axiolevns/axiolev_runtime/.build/ui_runs/20260424_153500/derived/Build/Intermediates.noindex/NSInfinityApp.build/Debug/NSInfinityApp.build/Objects-normal/arm64/NSInfinityApp.SwiftFileList -DDEBUG -enable-bare-slash-regex -enable-experimental-feature DebugDescriptionMacro -sdk /Applications/Xcode.app/Contents/Developer/Platforms/MacOSX.platform/Developer/SDKs/MacOSX26.4.sdk -target arm64-apple-macos14.0 -g -module-cache-path /Users/axiolevns/axiolev_runtime/.build/ui_runs/20260424_153500/derived/ModuleCache.noindex -Xfrontend -serialize-debugging-options -enable-testing -index-store-path /Users/axiolevns/axiolev_runtime/.build/ui_runs/20260424_153500/derived/Index.noindex/DataStore -Xcc -D_LIBCPP_HARDENING_MODE\=_LIBCPP_HARDENING_MODE_DEBUG -swift-version 5 -I /Users/axiolevns/axiolev_runtime/.build/ui_runs/20260424_153500/derived/Build/Products/Debug -F /Users/axiolevns/axiolev_runtime/.build/ui_runs/20260424_153500/derived/Build/Products/Debug -emit-localized-strings -emit-localized-strings-path /Users/axiolevns/axiolev_runtime/.build/ui_runs/20260424_153500/derived/Build/Intermediates.noindex/NSInfinityApp.build/Debug/NSInfinityApp.build/Objects-normal/arm64 -c -j28 -enable-batch-mode -incremental -Xcc -ivfsstatcache -Xcc /Users/axiolevns/axiolev_runtime/.build/ui_runs/20260424_153500/derived/SDKStatCaches.noindex/macosx26.4-25E251-688ef53f1462e2c8f657fdc38a81448f30f9ca8789b706f8bd3fc906a70d770f.sdkstatcache -output-file-map /Users/axiolevns/axiolev_runtime/.build/ui_runs/20260424_153500/derived/Build/Intermediates.noindex/NSInfinityApp.build/Debug/NSInfinityApp.build/Objects-normal/arm64/NSInfinityApp-OutputFileMap.json -use-frontend-parseable-output -save-temps -no-color-diagnostics -explicit-module-build -module-cache-path /Users/axiolevns/axiolev_runtime/.build/ui_runs/20260424_153500/derived/Build/Intermediates.noindex/SwiftExplicitPrecompiledModules -clang-scanner-module-cache-path /Users/axiolevns/axiolev_runtime/.build/ui_runs/20260424_153500/derived/ModuleCache.noindex -sdk-module-cache-path /Users/axiolevns/axiolev_runtime/.build/ui_runs/20260424_153500/derived/ModuleCache.noindex -serialize-diagnostics -emit-dependencies -emit-module -emit-module-path /Users/axiolevns/axiolev_runtime/.build/ui_runs/20260424_153500/derived/Build/Intermediates.noindex/NSInfinityApp.build/Debug/NSInfinityApp.build/Objects-normal/arm64/NSInfinityApp.swiftmodule -validate-clang-modules-once -clang-build-session-file /Users/axiolevns/axiolev_runtime/.build/ui_runs/20260424_153500/derived/ModuleCache.noindex/Session.modulevalidation -Xcc -I/Users/axiolevns/axiolev_runtime/.build/ui_runs/20260424_153500/derived/Build/Intermediates.noindex/NSInfinityApp.build/Debug/NSInfinityApp.build/swift-overrides.hmap -emit-const-values -Xfrontend -const-gather-protocols-file -Xfrontend /Users/axiolevns/axiolev_runtime/.build/ui_runs/20260424_153500/derived/Build/Intermediates.noindex/NSInfinityApp.build/Debug/NSInfinityApp.build/Objects-normal/arm64/NSInfinityApp_const_extract_protocols.json -Xcc -iquote -Xcc /Users/axiolevns/axiolev_runtime/.build/ui_runs/20260424_153500/derived/Build/Intermediates.noindex/NSInfinityApp.build/Debug/NSInfinityApp.build/NSInfinityApp-generated-files.hmap -Xcc -I/Users/axiolevns/axiolev_runtime/.build/ui_runs/20260424_153500/derived/Build/Intermediates.noindex/NSInfinityApp.build/Debug/NSInfinityApp.build/NSInfinityApp-own-target-headers.hmap -Xcc -I/Users/axiolevns/axiolev_runtime/.build/ui_runs/20260424_153500/derived/Build/Intermediates.noindex/NSInfinityApp.build/Debug/NSInfinityApp.build/NSInfinityApp-all-target-headers.hmap -Xcc -iquote -Xcc /Users/axiolevns/axiolev_runtime/.build/ui_runs/20260424_153500/derived/Build/Intermediates.noindex/NSInfinityApp.build/Debug/NSInfinityApp.build/NSInfinityApp-project-headers.hmap -Xcc -I/Users/axiolevns/axiolev_runtime/.build/ui_runs/20260424_153500/derived/Build/Products/Debug/include -Xcc -I/Users/axiolevns/axiolev_runtime/.build/ui_runs/20260424_153500/derived/Build/Intermediates.noindex/NSInfinityApp.build/Debug/NSInfinityApp.build/DerivedSources-normal/arm64 -Xcc -I/Users/axiolevns/axiolev_runtime/.build/ui_runs/20260424_153500/derived/Build/Intermediates.noindex/NSInfinityApp.build/Debug/NSInfinityApp.build/DerivedSources/arm64 -Xcc -I/Users/axiolevns/axiolev_runtime/.build/ui_runs/20260424_153500/derived/Build/Intermediates.noindex/NSInfinityApp.build/Debug/NSInfinityApp.build/DerivedSources -Xcc -DDEBUG\=1 -emit-objc-header -emit-objc-header-path /Users/axiolevns/axiolev_runtime/.build/ui_runs/20260424_153500/derived/Build/Intermediates.noindex/NSInfinityApp.build/Debug/NSInfinityApp.build/Objects-normal/arm64/NSInfinityApp-Swift.h -working-directory /Users/axiolevns/axiolev_runtime/apps/ns_mac/NSInfinityApp -experimental-emit-module-separately -disable-cmo

SwiftDriverJobDiscovery normal arm64 Emitting module for NSInfinityApp (in target 'NSInfinityApp' from project 'NSInfinityApp')

SwiftDriver\ Compilation\ Requirements NSInfinityApp normal arm64 com.apple.xcode.tools.swift.compiler (in target 'NSInfinityApp' from project 'NSInfinityApp')
    cd /Users/axiolevns/axiolev_runtime/apps/ns_mac/NSInfinityApp
    builtin-Swift-Compilation-Requirements -- /Applications/Xcode.app/Contents/Developer/Toolchains/XcodeDefault.xctoolchain/usr/bin/swiftc -module-name NSInfinityApp -Onone @/Users/axiolevns/axiolev_runtime/.build/ui_runs/20260424_153500/derived/Build/Intermediates.noindex/NSInfinityApp.build/Debug/NSInfinityApp.build/Objects-normal/arm64/NSInfinityApp.SwiftFileList -DDEBUG -enable-bare-slash-regex -enable-experimental-feature DebugDescriptionMacro -sdk /Applications/Xcode.app/Contents/Developer/Platforms/MacOSX.platform/Developer/SDKs/MacOSX26.4.sdk -target arm64-apple-macos14.0 -g -module-cache-path /Users/axiolevns/axiolev_runtime/.build/ui_runs/20260424_153500/derived/ModuleCache.noindex -Xfrontend -serialize-debugging-options -enable-testing -index-store-path /Users/axiolevns/axiolev_runtime/.build/ui_runs/20260424_153500/derived/Index.noindex/DataStore -Xcc -D_LIBCPP_HARDENING_MODE\=_LIBCPP_HARDENING_MODE_DEBUG -swift-version 5 -I /Users/axiolevns/axiolev_runtime/.build/ui_runs/20260424_153500/derived/Build/Products/Debug -F /Users/axiolevns/axiolev_runtime/.build/ui_runs/20260424_153500/derived/Build/Products/Debug -emit-localized-strings -emit-localized-strings-path /Users/axiolevns/axiolev_runtime/.build/ui_runs/20260424_153500/derived/Build/Intermediates.noindex/NSInfinityApp.build/Debug/NSInfinityApp.build/Objects-normal/arm64 -c -j28 -enable-batch-mode -incremental -Xcc -ivfsstatcache -Xcc /Users/axiolevns/axiolev_runtime/.build/ui_runs/20260424_153500/derived/SDKStatCaches.noindex/macosx26.4-25E251-688ef53f1462e2c8f657fdc38a81448f30f9ca8789b706f8bd3fc906a70d770f.sdkstatcache -output-file-map /Users/axiolevns/axiolev_runtime/.build/ui_runs/20260424_153500/derived/Build/Intermediates.noindex/NSInfinityApp.build/Debug/NSInfinityApp.build/Objects-normal/arm64/NSInfinityApp-OutputFileMap.json -use-frontend-parseable-output -save-temps -no-color-diagnostics -explicit-module-build -module-cache-path /Users/axiolevns/axiolev_runtime/.build/ui_runs/20260424_153500/derived/Build/Intermediates.noindex/SwiftExplicitPrecompiledModules -clang-scanner-module-cache-path /Users/axiolevns/axiolev_runtime/.build/ui_runs/20260424_153500/derived/ModuleCache.noindex -sdk-module-cache-path /Users/axiolevns/axiolev_runtime/.build/ui_runs/20260424_153500/derived/ModuleCache.noindex -serialize-diagnostics -emit-dependencies -emit-module -emit-module-path /Users/axiolevns/axiolev_runtime/.build/ui_runs/20260424_153500/derived/Build/Intermediates.noindex/NSInfinityApp.build/Debug/NSInfinityApp.build/Objects-normal/arm64/NSInfinityApp.swiftmodule -validate-clang-modules-once -clang-build-session-file /Users/axiolevns/axiolev_runtime/.build/ui_runs/20260424_153500/derived/ModuleCache.noindex/Session.modulevalidation -Xcc -I/Users/axiolevns/axiolev_runtime/.build/ui_runs/20260424_153500/derived/Build/Intermediates.noindex/NSInfinityApp.build/Debug/NSInfinityApp.build/swift-overrides.hmap -emit-const-values -Xfrontend -const-gather-protocols-file -Xfrontend /Users/axiolevns/axiolev_runtime/.build/ui_runs/20260424_153500/derived/Build/Intermediates.noindex/NSInfinityApp.build/Debug/NSInfinityApp.build/Objects-normal/arm64/NSInfinityApp_const_extract_protocols.json -Xcc -iquote -Xcc /Users/axiolevns/axiolev_runtime/.build/ui_runs/20260424_153500/derived/Build/Intermediates.noindex/NSInfinityApp.build/Debug/NSInfinityApp.build/NSInfinityApp-generated-files.hmap -Xcc -I/Users/axiolevns/axiolev_runtime/.build/ui_runs/20260424_153500/derived/Build/Intermediates.noindex/NSInfinityApp.build/Debug/NSInfinityApp.build/NSInfinityApp-own-target-headers.hmap -Xcc -I/Users/axiolevns/axiolev_runtime/.build/ui_runs/20260424_153500/derived/Build/Intermediates.noindex/NSInfinityApp.build/Debug/NSInfinityApp.build/NSInfinityApp-all-target-headers.hmap -Xcc -iquote -Xcc /Users/axiolevns/axiolev_runtime/.build/ui_runs/20260424_153500/derived/Build/Intermediates.noindex/NSInfinityApp.build/Debug/NSInfinityApp.build/NSInfinityApp-project-headers.hmap -Xcc -I/Users/axiolevns/axiolev_runtime/.build/ui_runs/20260424_153500/derived/Build/Products/Debug/include -Xcc -I/Users/axiolevns/axiolev_runtime/.build/ui_runs/20260424_153500/derived/Build/Intermediates.noindex/NSInfinityApp.build/Debug/NSInfinityApp.build/DerivedSources-normal/arm64 -Xcc -I/Users/axiolevns/axiolev_runtime/.build/ui_runs/20260424_153500/derived/Build/Intermediates.noindex/NSInfinityApp.build/Debug/NSInfinityApp.build/DerivedSources/arm64 -Xcc -I/Users/axiolevns/axiolev_runtime/.build/ui_runs/20260424_153500/derived/Build/Intermediates.noindex/NSInfinityApp.build/Debug/NSInfinityApp.build/DerivedSources -Xcc -DDEBUG\=1 -emit-objc-header -emit-objc-header-path /Users/axiolevns/axiolev_runtime/.build/ui_runs/20260424_153500/derived/Build/Intermediates.noindex/NSInfinityApp.build/Debug/NSInfinityApp.build/Objects-normal/arm64/NSInfinityApp-Swift.h -working-directory /Users/axiolevns/axiolev_runtime/apps/ns_mac/NSInfinityApp -experimental-emit-module-separately -disable-cmo

Copy /Users/axiolevns/axiolev_runtime/.build/ui_runs/20260424_153500/derived/Build/Products/Debug/NSInfinityApp.swiftmodule/arm64-apple-macos.swiftmodule /Users/axiolevns/axiolev_runtime/.build/ui_runs/20260424_153500/derived/Build/Intermediates.noindex/NSInfinityApp.build/Debug/NSInfinityApp.build/Objects-normal/arm64/NSInfinityApp.swiftmodule (in target 'NSInfinityApp' from project 'NSInfinityApp')
    cd /Users/axiolevns/axiolev_runtime/apps/ns_mac/NSInfinityApp
    builtin-copy -exclude .DS_Store -exclude CVS -exclude .svn -exclude .git -exclude .hg -resolve-src-symlinks -rename /Users/axiolevns/axiolev_runtime/.build/ui_runs/20260424_153500/derived/Build/Intermediates.noindex/NSInfinityApp.build/Debug/NSInfinityApp.build/Objects-normal/arm64/NSInfinityApp.swiftmodule /Users/axiolevns/axiolev_runtime/.build/ui_runs/20260424_153500/derived/Build/Products/Debug/NSInfinityApp.swiftmodule/arm64-apple-macos.swiftmodule

Ld /Users/axiolevns/axiolev_runtime/.build/ui_runs/20260424_153500/derived/Build/Products/Debug/NSInfinityApp.app/Contents/MacOS/NSInfinityApp.debug.dylib normal (in target 'NSInfinityApp' from project 'NSInfinityApp')
    cd /Users/axiolevns/axiolev_runtime/apps/ns_mac/NSInfinityApp
    /Applications/Xcode.app/Contents/Developer/Toolchains/XcodeDefault.xctoolchain/usr/bin/clang -Xlinker -reproducible -target arm64-apple-macos14.0 -dynamiclib -isysroot /Applications/Xcode.app/Contents/Developer/Platforms/MacOSX.platform/Developer/SDKs/MacOSX26.4.sdk -O0 -L/Users/axiolevns/axiolev_runtime/.build/ui_runs/20260424_153500/derived/Build/Intermediates.noindex/EagerLinkingTBDs/Debug -L/Users/axiolevns/axiolev_runtime/.build/ui_runs/20260424_153500/derived/Build/Products/Debug -F/Users/axiolevns/axiolev_runtime/.build/ui_runs/20260424_153500/derived/Build/Intermediates.noindex/EagerLinkingTBDs/Debug -F/Users/axiolevns/axiolev_runtime/.build/ui_runs/20260424_153500/derived/Build/Products/Debug -filelist /Users/axiolevns/axiolev_runtime/.build/ui_runs/20260424_153500/derived/Build/Intermediates.noindex/NSInfinityApp.build/Debug/NSInfinityApp.build/Objects-normal/arm64/NSInfinityApp.LinkFileList -install_name @rpath/NSInfinityApp.debug.dylib -Xlinker -rpath -Xlinker /usr/lib/swift -Xlinker -rpath -Xlinker @executable_path/../Frameworks -Xlinker -object_path_lto -Xlinker /Users/axiolevns/axiolev_runtime/.build/ui_runs/20260424_153500/derived/Build/Intermediates.noindex/NSInfinityApp.build/Debug/NSInfinityApp.build/Objects-normal/arm64/NSInfinityApp_lto.o -rdynamic -Xlinker -no_deduplicate -Xlinker -dependency_info -Xlinker /Users/axiolevns/axiolev_runtime/.build/ui_runs/20260424_153500/derived/Build/Intermediates.noindex/NSInfinityApp.build/Debug/NSInfinityApp.build/Objects-normal/arm64/NSInfinityApp_dependency_info.dat -fobjc-link-runtime -L/Applications/Xcode.app/Contents/Developer/Toolchains/XcodeDefault.xctoolchain/usr/lib/swift/macosx -L/usr/lib/swift -Xlinker -add_ast_path -Xlinker /Users/axiolevns/axiolev_runtime/.build/ui_runs/20260424_153500/derived/Build/Intermediates.noindex/NSInfinityApp.build/Debug/NSInfinityApp.build/Objects-normal/arm64/NSInfinityApp.swiftmodule @/Users/axiolevns/axiolev_runtime/.build/ui_runs/20260424_153500/derived/Build/Intermediates.noindex/NSInfinityApp.build/Debug/NSInfinityApp.build/Objects-normal/arm64/NSInfinityApp-linker-args.resp -Xlinker -alias -Xlinker _main -Xlinker ___debug_main_executable_dylib_entry_point -framework Metal -framework MetalKit -o /Users/axiolevns/axiolev_runtime/.build/ui_runs/20260424_153500/derived/Build/Products/Debug/NSInfinityApp.app/Contents/MacOS/NSInfinityApp.debug.dylib

Copy /Users/axiolevns/axiolev_runtime/.build/ui_runs/20260424_153500/derived/Build/Products/Debug/NSInfinityApp.swiftmodule/arm64-apple-macos.abi.json /Users/axiolevns/axiolev_runtime/.build/ui_runs/20260424_153500/derived/Build/Intermediates.noindex/NSInfinityApp.build/Debug/NSInfinityApp.build/Objects-normal/arm64/NSInfinityApp.abi.json (in target 'NSInfinityApp' from project 'NSInfinityApp')
    cd /Users/axiolevns/axiolev_runtime/apps/ns_mac/NSInfinityApp
    builtin-copy -exclude .DS_Store -exclude CVS -exclude .svn -exclude .git -exclude .hg -resolve-src-symlinks -rename /Users/axiolevns/axiolev_runtime/.build/ui_runs/20260424_153500/derived/Build/Intermediates.noindex/NSInfinityApp.build/Debug/NSInfinityApp.build/Objects-normal/arm64/NSInfinityApp.abi.json /Users/axiolevns/axiolev_runtime/.build/ui_runs/20260424_153500/derived/Build/Products/Debug/NSInfinityApp.swiftmodule/arm64-apple-macos.abi.json

Copy /Users/axiolevns/axiolev_runtime/.build/ui_runs/20260424_153500/derived/Build/Products/Debug/NSInfinityApp.swiftmodule/Project/arm64-apple-macos.swiftsourceinfo /Users/axiolevns/axiolev_runtime/.build/ui_runs/20260424_153500/derived/Build/Intermediates.noindex/NSInfinityApp.build/Debug/NSInfinityApp.build/Objects-normal/arm64/NSInfinityApp.swiftsourceinfo (in target 'NSInfinityApp' from project 'NSInfinityApp')
    cd /Users/axiolevns/axiolev_runtime/apps/ns_mac/NSInfinityApp
    builtin-copy -exclude .DS_Store -exclude CVS -exclude .svn -exclude .git -exclude .hg -resolve-src-symlinks -rename /Users/axiolevns/axiolev_runtime/.build/ui_runs/20260424_153500/derived/Build/Intermediates.noindex/NSInfinityApp.build/Debug/NSInfinityApp.build/Objects-normal/arm64/NSInfinityApp.swiftsourceinfo /Users/axiolevns/axiolev_runtime/.build/ui_runs/20260424_153500/derived/Build/Products/Debug/NSInfinityApp.swiftmodule/Project/arm64-apple-macos.swiftsourceinfo

ConstructStubExecutorLinkFileList /Users/axiolevns/axiolev_runtime/.build/ui_runs/20260424_153500/derived/Build/Intermediates.noindex/NSInfinityApp.build/Debug/NSInfinityApp.build/NSInfinityApp-ExecutorLinkFileList-normal-arm64.txt (in target 'NSInfinityApp' from project 'NSInfinityApp')
    cd /Users/axiolevns/axiolev_runtime/apps/ns_mac/NSInfinityApp
    construct-stub-executor-link-file-list /Users/axiolevns/axiolev_runtime/.build/ui_runs/20260424_153500/derived/Build/Products/Debug/NSInfinityApp.app/Contents/MacOS/NSInfinityApp.debug.dylib /Applications/Xcode.app/Contents/Developer/Platforms/MacOSX.platform/Developer/usr/lib/libPreviewsJITStubExecutor_no_swift_entry_point.a /Applications/Xcode.app/Contents/Developer/Platforms/MacOSX.platform/Developer/usr/lib/libPreviewsJITStubExecutor.a --output /Users/axiolevns/axiolev_runtime/.build/ui_runs/20260424_153500/derived/Build/Intermediates.noindex/NSInfinityApp.build/Debug/NSInfinityApp.build/NSInfinityApp-ExecutorLinkFileList-normal-arm64.txt
note: Using stub executor library with Swift entry point. (in target 'NSInfinityApp' from project 'NSInfinityApp')

Ld /Users/axiolevns/axiolev_runtime/.build/ui_runs/20260424_153500/derived/Build/Products/Debug/NSInfinityApp.app/Contents/MacOS/NSInfinityApp normal (in target 'NSInfinityApp' from project 'NSInfinityApp')
    cd /Users/axiolevns/axiolev_runtime/apps/ns_mac/NSInfinityApp
    /Applications/Xcode.app/Contents/Developer/Toolchains/XcodeDefault.xctoolchain/usr/bin/clang -Xlinker -reproducible -target arm64-apple-macos14.0 -isysroot /Applications/Xcode.app/Contents/Developer/Platforms/MacOSX.platform/Developer/SDKs/MacOSX26.4.sdk -O0 -L/Users/axiolevns/axiolev_runtime/.build/ui_runs/20260424_153500/derived/Build/Products/Debug -F/Users/axiolevns/axiolev_runtime/.build/ui_runs/20260424_153500/derived/Build/Products/Debug -Xlinker -rpath -Xlinker @executable_path -Xlinker -rpath -Xlinker @executable_path/../Frameworks -rdynamic -Xlinker -no_deduplicate -e ___debug_blank_executor_main -Xlinker -sectcreate -Xlinker __TEXT -Xlinker __debug_dylib -Xlinker /Users/axiolevns/axiolev_runtime/.build/ui_runs/20260424_153500/derived/Build/Intermediates.noindex/NSInfinityApp.build/Debug/NSInfinityApp.build/NSInfinityApp-DebugDylibPath-normal-arm64.txt -Xlinker -sectcreate -Xlinker __TEXT -Xlinker __debug_instlnm -Xlinker /Users/axiolevns/axiolev_runtime/.build/ui_runs/20260424_153500/derived/Build/Intermediates.noindex/NSInfinityApp.build/Debug/NSInfinityApp.build/NSInfinityApp-DebugDylibInstallName-normal-arm64.txt -Xlinker -filelist -Xlinker /Users/axiolevns/axiolev_runtime/.build/ui_runs/20260424_153500/derived/Build/Intermediates.noindex/NSInfinityApp.build/Debug/NSInfinityApp.build/NSInfinityApp-ExecutorLinkFileList-normal-arm64.txt /Users/axiolevns/axiolev_runtime/.build/ui_runs/20260424_153500/derived/Build/Products/Debug/NSInfinityApp.app/Contents/MacOS/NSInfinityApp.debug.dylib -o /Users/axiolevns/axiolev_runtime/.build/ui_runs/20260424_153500/derived/Build/Products/Debug/NSInfinityApp.app/Contents/MacOS/NSInfinityApp

ExtractAppIntentsMetadata (in target 'NSInfinityApp' from project 'NSInfinityApp')
    cd /Users/axiolevns/axiolev_runtime/apps/ns_mac/NSInfinityApp
    /Applications/Xcode.app/Contents/Developer/Toolchains/XcodeDefault.xctoolchain/usr/bin/appintentsmetadataprocessor --toolchain-dir /var/run/com.apple.security.cryptexd/mnt/com.apple.MobileAsset.MetalToolchain-v17.5.188.0.02e4cN/Metal.xctoolchain --module-name NSInfinityApp --sdk-root /Applications/Xcode.app/Contents/Developer/Platforms/MacOSX.platform/Developer/SDKs/MacOSX26.4.sdk --xcode-version 17E202 --platform-family macOS --deployment-target 14.0 --bundle-identifier com.axiolev.NSInfinityApp --output /Users/axiolevns/axiolev_runtime/.build/ui_runs/20260424_153500/derived/Build/Products/Debug/NSInfinityApp.app/Contents/Resources --target-triple arm64-apple-macos14.0 --binary-file /Users/axiolevns/axiolev_runtime/.build/ui_runs/20260424_153500/derived/Build/Products/Debug/NSInfinityApp.app/Contents/MacOS/NSInfinityApp --dependency-file /Users/axiolevns/axiolev_runtime/.build/ui_runs/20260424_153500/derived/Build/Intermediates.noindex/NSInfinityApp.build/Debug/NSInfinityApp.build/Objects-normal/arm64/NSInfinityApp_dependency_info.dat --stringsdata-file /Users/axiolevns/axiolev_runtime/.build/ui_runs/20260424_153500/derived/Build/Intermediates.noindex/NSInfinityApp.build/Debug/NSInfinityApp.build/Objects-normal/arm64/ExtractedAppShortcutsMetadata.stringsdata --source-file-list /Users/axiolevns/axiolev_runtime/.build/ui_runs/20260424_153500/derived/Build/Intermediates.noindex/NSInfinityApp.build/Debug/NSInfinityApp.build/Objects-normal/arm64/NSInfinityApp.SwiftFileList --metadata-file-list /Users/axiolevns/axiolev_runtime/.build/ui_runs/20260424_153500/derived/Build/Intermediates.noindex/NSInfinityApp.build/Debug/NSInfinityApp.build/NSInfinityApp.DependencyMetadataFileList --static-metadata-file-list /Users/axiolevns/axiolev_runtime/.build/ui_runs/20260424_153500/derived/Build/Intermediates.noindex/NSInfinityApp.build/Debug/NSInfinityApp.build/NSInfinityApp.DependencyStaticMetadataFileList --swift-const-vals-list /Users/axiolevns/axiolev_runtime/.build/ui_runs/20260424_153500/derived/Build/Intermediates.noindex/NSInfinityApp.build/Debug/NSInfinityApp.build/Objects-normal/arm64/NSInfinityApp.SwiftConstValuesFileList --compile-time-extraction --deployment-aware-processing --validate-assistant-intents --no-app-shortcuts-localization
2026-04-24 15:46:44.907 appintentsmetadataprocessor[9418:135161] Starting appintentsmetadataprocessor export
2026-04-24 15:46:44.908 appintentsmetadataprocessor[9418:135161] warning: Metadata extraction skipped. No AppIntents.framework dependency found.

CopySwiftLibs /Users/axiolevns/axiolev_runtime/.build/ui_runs/20260424_153500/derived/Build/Products/Debug/NSInfinityApp.app (in target 'NSInfinityApp' from project 'NSInfinityApp')
    cd /Users/axiolevns/axiolev_runtime/apps/ns_mac/NSInfinityApp
    builtin-swiftStdLibTool --copy --verbose --scan-executable /Users/axiolevns/axiolev_runtime/.build/ui_runs/20260424_153500/derived/Build/Products/Debug/NSInfinityApp.app/Contents/MacOS/NSInfinityApp.debug.dylib --scan-folder /Users/axiolevns/axiolev_runtime/.build/ui_runs/20260424_153500/derived/Build/Products/Debug/NSInfinityApp.app/Contents/Frameworks --scan-folder /Users/axiolevns/axiolev_runtime/.build/ui_runs/20260424_153500/derived/Build/Products/Debug/NSInfinityApp.app/Contents/PlugIns --scan-folder /Users/axiolevns/axiolev_runtime/.build/ui_runs/20260424_153500/derived/Build/Products/Debug/NSInfinityApp.app/Contents/Library/SystemExtensions --scan-folder /Users/axiolevns/axiolev_runtime/.build/ui_runs/20260424_153500/derived/Build/Products/Debug/NSInfinityApp.app/Contents/Extensions --scan-folder /Applications/Xcode.app/Contents/Developer/Platforms/MacOSX.platform/Developer/SDKs/MacOSX26.4.sdk/System/Library/Frameworks/Metal.framework --scan-folder /Applications/Xcode.app/Contents/Developer/Platforms/MacOSX.platform/Developer/SDKs/MacOSX26.4.sdk/System/Library/Frameworks/MetalKit.framework --platform macosx --toolchain /var/run/com.apple.security.cryptexd/mnt/com.apple.MobileAsset.MetalToolchain-v17.5.188.0.02e4cN/Metal.xctoolchain --toolchain /Applications/Xcode.app/Contents/Developer/Toolchains/XcodeDefault.xctoolchain --destination /Users/axiolevns/axiolev_runtime/.build/ui_runs/20260424_153500/derived/Build/Products/Debug/NSInfinityApp.app/Contents/Frameworks --strip-bitcode --strip-bitcode-tool /Applications/Xcode.app/Contents/Developer/Toolchains/XcodeDefault.xctoolchain/usr/bin/bitcode_strip --emit-dependency-info /Users/axiolevns/axiolev_runtime/.build/ui_runs/20260424_153500/derived/Build/Intermediates.noindex/NSInfinityApp.build/Debug/NSInfinityApp.build/SwiftStdLibToolInputDependencies.dep --filter-for-swift-os --back-deploy-swift-span
Ignoring --strip-bitcode because --sign was not passed

** BUILD SUCCEEDED **

