Command line invocation:
    /Applications/Xcode.app/Contents/Developer/usr/bin/xcodebuild -project /Users/axiolevns/axiolev_runtime/apps/ns_mac/NSInfinityApp/NSInfinityApp.xcodeproj -scheme NSInfinityApp -configuration Debug -destination platform=macOS -derivedDataPath /Users/axiolevns/axiolev_runtime/.build/ui_runs/20260424_153904/derived -skipMacroValidation CODE_SIGN_IDENTITY=- CODE_SIGNING_REQUIRED=NO CODE_SIGNING_ALLOWED=NO ONLY_ACTIVE_ARCH=YES build

Build settings from command line:
    CODE_SIGN_IDENTITY = -
    CODE_SIGNING_ALLOWED = NO
    CODE_SIGNING_REQUIRED = NO
    ONLY_ACTIVE_ARCH = YES

2026-04-24 15:39:04.717 xcodebuild[8539:122524] [MT] IDERunDestination: Supported platforms for the buildables in the current scheme is empty.
--- xcodebuild: WARNING: Using the first of multiple matching destinations:
{ platform:macOS, arch:arm64, id:00006032-000270520145801C, name:My Mac }
{ platform:macOS, arch:x86_64, id:00006032-000270520145801C, name:My Mac }
note: Using codesigning identity override: -
ComputePackagePrebuildTargetDependencyGraph

Prepare packages

CreateBuildRequest

SendProjectDescription

CreateBuildOperation

ComputeTargetDependencyGraph
note: Building targets in dependency order
note: Target dependency graph (1 target)
    Target 'NSInfinityApp' in project 'NSInfinityApp' (no dependencies)

GatherProvisioningInputs

CreateBuildDescription

ExecuteExternalTool /Applications/Xcode.app/Contents/Developer/Toolchains/XcodeDefault.xctoolchain/usr/bin/clang -v -E -dM -isysroot /Applications/Xcode.app/Contents/Developer/Platforms/MacOSX.platform/Developer/SDKs/MacOSX26.4.sdk -x c -c /dev/null

ExecuteExternalTool /Applications/Xcode.app/Contents/Developer/usr/bin/actool --version --output-format xml1

ExecuteExternalTool /Applications/Xcode.app/Contents/Developer/Toolchains/XcodeDefault.xctoolchain/usr/bin/swiftc --version

ExecuteExternalTool /Applications/Xcode.app/Contents/Developer/Toolchains/XcodeDefault.xctoolchain/usr/bin/ld -version_details

Build description signature: 2a38131f49d24530bd8e1c1a72351b82
Build description path: /Users/axiolevns/axiolev_runtime/.build/ui_runs/20260424_153904/derived/Build/Intermediates.noindex/XCBuildData/2a38131f49d24530bd8e1c1a72351b82.xcbuilddata
ClangStatCache /Applications/Xcode.app/Contents/Developer/Toolchains/XcodeDefault.xctoolchain/usr/bin/clang-stat-cache /Applications/Xcode.app/Contents/Developer/Platforms/MacOSX.platform/Developer/SDKs/MacOSX26.4.sdk /Users/axiolevns/axiolev_runtime/.build/ui_runs/20260424_153904/derived/SDKStatCaches.noindex/macosx26.4-25E251-688ef53f1462e2c8f657fdc38a81448f30f9ca8789b706f8bd3fc906a70d770f.sdkstatcache
    cd /Users/axiolevns/axiolev_runtime/apps/ns_mac/NSInfinityApp/NSInfinityApp.xcodeproj
    /Applications/Xcode.app/Contents/Developer/Toolchains/XcodeDefault.xctoolchain/usr/bin/clang-stat-cache /Applications/Xcode.app/Contents/Developer/Platforms/MacOSX.platform/Developer/SDKs/MacOSX26.4.sdk -o /Users/axiolevns/axiolev_runtime/.build/ui_runs/20260424_153904/derived/SDKStatCaches.noindex/macosx26.4-25E251-688ef53f1462e2c8f657fdc38a81448f30f9ca8789b706f8bd3fc906a70d770f.sdkstatcache

CreateBuildDirectory /Users/axiolevns/axiolev_runtime/.build/ui_runs/20260424_153904/derived/Build/Products
    cd /Users/axiolevns/axiolev_runtime/apps/ns_mac/NSInfinityApp/NSInfinityApp.xcodeproj
    builtin-create-build-directory /Users/axiolevns/axiolev_runtime/.build/ui_runs/20260424_153904/derived/Build/Products

CreateBuildDirectory /Users/axiolevns/axiolev_runtime/.build/ui_runs/20260424_153904/derived/Build/Intermediates.noindex
    cd /Users/axiolevns/axiolev_runtime/apps/ns_mac/NSInfinityApp/NSInfinityApp.xcodeproj
    builtin-create-build-directory /Users/axiolevns/axiolev_runtime/.build/ui_runs/20260424_153904/derived/Build/Intermediates.noindex

CreateBuildDirectory /Users/axiolevns/axiolev_runtime/.build/ui_runs/20260424_153904/derived/Build/Intermediates.noindex/SwiftExplicitPrecompiledModules
    cd /Users/axiolevns/axiolev_runtime/apps/ns_mac/NSInfinityApp/NSInfinityApp.xcodeproj
    builtin-create-build-directory /Users/axiolevns/axiolev_runtime/.build/ui_runs/20260424_153904/derived/Build/Intermediates.noindex/SwiftExplicitPrecompiledModules

CreateBuildDirectory /Users/axiolevns/axiolev_runtime/.build/ui_runs/20260424_153904/derived/Build/Intermediates.noindex/ExplicitPrecompiledModules
    cd /Users/axiolevns/axiolev_runtime/apps/ns_mac/NSInfinityApp/NSInfinityApp.xcodeproj
    builtin-create-build-directory /Users/axiolevns/axiolev_runtime/.build/ui_runs/20260424_153904/derived/Build/Intermediates.noindex/ExplicitPrecompiledModules

CreateBuildDirectory /Users/axiolevns/axiolev_runtime/.build/ui_runs/20260424_153904/derived/Build/Intermediates.noindex/EagerLinkingTBDs/Debug
    cd /Users/axiolevns/axiolev_runtime/apps/ns_mac/NSInfinityApp/NSInfinityApp.xcodeproj
    builtin-create-build-directory /Users/axiolevns/axiolev_runtime/.build/ui_runs/20260424_153904/derived/Build/Intermediates.noindex/EagerLinkingTBDs/Debug

WriteAuxiliaryFile /Users/axiolevns/axiolev_runtime/.build/ui_runs/20260424_153904/derived/Build/Intermediates.noindex/NSInfinityApp.build/Debug/NSInfinityApp-7a7ae7ec9384550825df4190cbef71f0-VFS/all-product-headers.yaml
    cd /Users/axiolevns/axiolev_runtime/apps/ns_mac/NSInfinityApp/NSInfinityApp.xcodeproj
    write-file /Users/axiolevns/axiolev_runtime/.build/ui_runs/20260424_153904/derived/Build/Intermediates.noindex/NSInfinityApp.build/Debug/NSInfinityApp-7a7ae7ec9384550825df4190cbef71f0-VFS/all-product-headers.yaml

CreateBuildDirectory /Users/axiolevns/axiolev_runtime/.build/ui_runs/20260424_153904/derived/Build/Products/Debug
    cd /Users/axiolevns/axiolev_runtime/apps/ns_mac/NSInfinityApp/NSInfinityApp.xcodeproj
    builtin-create-build-directory /Users/axiolevns/axiolev_runtime/.build/ui_runs/20260424_153904/derived/Build/Products/Debug

WriteAuxiliaryFile /Users/axiolevns/axiolev_runtime/.build/ui_runs/20260424_153904/derived/Build/Intermediates.noindex/NSInfinityApp.build/Debug/NSInfinityApp.build/NSInfinityApp-generated-files.hmap (in target 'NSInfinityApp' from project 'NSInfinityApp')
    cd /Users/axiolevns/axiolev_runtime/apps/ns_mac/NSInfinityApp
    write-file /Users/axiolevns/axiolev_runtime/.build/ui_runs/20260424_153904/derived/Build/Intermediates.noindex/NSInfinityApp.build/Debug/NSInfinityApp.build/NSInfinityApp-generated-files.hmap

WriteAuxiliaryFile /Users/axiolevns/axiolev_runtime/.build/ui_runs/20260424_153904/derived/Build/Intermediates.noindex/NSInfinityApp.build/Debug/NSInfinityApp.build/NSInfinityApp-own-target-headers.hmap (in target 'NSInfinityApp' from project 'NSInfinityApp')
    cd /Users/axiolevns/axiolev_runtime/apps/ns_mac/NSInfinityApp
    write-file /Users/axiolevns/axiolev_runtime/.build/ui_runs/20260424_153904/derived/Build/Intermediates.noindex/NSInfinityApp.build/Debug/NSInfinityApp.build/NSInfinityApp-own-target-headers.hmap

WriteAuxiliaryFile /Users/axiolevns/axiolev_runtime/.build/ui_runs/20260424_153904/derived/Build/Intermediates.noindex/NSInfinityApp.build/Debug/NSInfinityApp.build/NSInfinityApp-all-non-framework-target-headers.hmap (in target 'NSInfinityApp' from project 'NSInfinityApp')
    cd /Users/axiolevns/axiolev_runtime/apps/ns_mac/NSInfinityApp
    write-file /Users/axiolevns/axiolev_runtime/.build/ui_runs/20260424_153904/derived/Build/Intermediates.noindex/NSInfinityApp.build/Debug/NSInfinityApp.build/NSInfinityApp-all-non-framework-target-headers.hmap

WriteAuxiliaryFile /Users/axiolevns/axiolev_runtime/.build/ui_runs/20260424_153904/derived/Build/Intermediates.noindex/NSInfinityApp.build/Debug/NSInfinityApp.build/NSInfinityApp-all-target-headers.hmap (in target 'NSInfinityApp' from project 'NSInfinityApp')
    cd /Users/axiolevns/axiolev_runtime/apps/ns_mac/NSInfinityApp
    write-file /Users/axiolevns/axiolev_runtime/.build/ui_runs/20260424_153904/derived/Build/Intermediates.noindex/NSInfinityApp.build/Debug/NSInfinityApp.build/NSInfinityApp-all-target-headers.hmap

WriteAuxiliaryFile /Users/axiolevns/axiolev_runtime/.build/ui_runs/20260424_153904/derived/Build/Intermediates.noindex/NSInfinityApp.build/Debug/NSInfinityApp.build/NSInfinityApp.hmap (in target 'NSInfinityApp' from project 'NSInfinityApp')
    cd /Users/axiolevns/axiolev_runtime/apps/ns_mac/NSInfinityApp
    write-file /Users/axiolevns/axiolev_runtime/.build/ui_runs/20260424_153904/derived/Build/Intermediates.noindex/NSInfinityApp.build/Debug/NSInfinityApp.build/NSInfinityApp.hmap

WriteAuxiliaryFile /Users/axiolevns/axiolev_runtime/.build/ui_runs/20260424_153904/derived/Build/Intermediates.noindex/NSInfinityApp.build/Debug/NSInfinityApp.build/NSInfinityApp-project-headers.hmap (in target 'NSInfinityApp' from project 'NSInfinityApp')
    cd /Users/axiolevns/axiolev_runtime/apps/ns_mac/NSInfinityApp
    write-file /Users/axiolevns/axiolev_runtime/.build/ui_runs/20260424_153904/derived/Build/Intermediates.noindex/NSInfinityApp.build/Debug/NSInfinityApp.build/NSInfinityApp-project-headers.hmap

WriteAuxiliaryFile /Users/axiolevns/axiolev_runtime/.build/ui_runs/20260424_153904/derived/Build/Intermediates.noindex/NSInfinityApp.build/Debug/NSInfinityApp.build/NSInfinityApp-DebugDylibInstallName-normal-arm64.txt (in target 'NSInfinityApp' from project 'NSInfinityApp')
    cd /Users/axiolevns/axiolev_runtime/apps/ns_mac/NSInfinityApp
    write-file /Users/axiolevns/axiolev_runtime/.build/ui_runs/20260424_153904/derived/Build/Intermediates.noindex/NSInfinityApp.build/Debug/NSInfinityApp.build/NSInfinityApp-DebugDylibInstallName-normal-arm64.txt

MkDir /Users/axiolevns/axiolev_runtime/.build/ui_runs/20260424_153904/derived/Build/Products/Debug/NSInfinityApp.app (in target 'NSInfinityApp' from project 'NSInfinityApp')
    cd /Users/axiolevns/axiolev_runtime/apps/ns_mac/NSInfinityApp
    /bin/mkdir -p /Users/axiolevns/axiolev_runtime/.build/ui_runs/20260424_153904/derived/Build/Products/Debug/NSInfinityApp.app

WriteAuxiliaryFile /Users/axiolevns/axiolev_runtime/.build/ui_runs/20260424_153904/derived/Build/Intermediates.noindex/NSInfinityApp.build/Debug/NSInfinityApp.build/NSInfinityApp-DebugDylibPath-normal-arm64.txt (in target 'NSInfinityApp' from project 'NSInfinityApp')
    cd /Users/axiolevns/axiolev_runtime/apps/ns_mac/NSInfinityApp
    write-file /Users/axiolevns/axiolev_runtime/.build/ui_runs/20260424_153904/derived/Build/Intermediates.noindex/NSInfinityApp.build/Debug/NSInfinityApp.build/NSInfinityApp-DebugDylibPath-normal-arm64.txt

WriteAuxiliaryFile /Users/axiolevns/axiolev_runtime/.build/ui_runs/20260424_153904/derived/Build/Intermediates.noindex/NSInfinityApp.build/Debug/NSInfinityApp.build/NSInfinityApp.DependencyStaticMetadataFileList (in target 'NSInfinityApp' from project 'NSInfinityApp')
    cd /Users/axiolevns/axiolev_runtime/apps/ns_mac/NSInfinityApp
    write-file /Users/axiolevns/axiolev_runtime/.build/ui_runs/20260424_153904/derived/Build/Intermediates.noindex/NSInfinityApp.build/Debug/NSInfinityApp.build/NSInfinityApp.DependencyStaticMetadataFileList

WriteAuxiliaryFile /Users/axiolevns/axiolev_runtime/.build/ui_runs/20260424_153904/derived/Build/Intermediates.noindex/NSInfinityApp.build/Debug/NSInfinityApp.build/NSInfinityApp.DependencyMetadataFileList (in target 'NSInfinityApp' from project 'NSInfinityApp')
    cd /Users/axiolevns/axiolev_runtime/apps/ns_mac/NSInfinityApp
    write-file /Users/axiolevns/axiolev_runtime/.build/ui_runs/20260424_153904/derived/Build/Intermediates.noindex/NSInfinityApp.build/Debug/NSInfinityApp.build/NSInfinityApp.DependencyMetadataFileList

WriteAuxiliaryFile /Users/axiolevns/axiolev_runtime/.build/ui_runs/20260424_153904/derived/Build/Intermediates.noindex/NSInfinityApp.build/Debug/NSInfinityApp.build/Objects-normal/arm64/NSInfinityApp.SwiftConstValuesFileList (in target 'NSInfinityApp' from project 'NSInfinityApp')
    cd /Users/axiolevns/axiolev_runtime/apps/ns_mac/NSInfinityApp
    write-file /Users/axiolevns/axiolev_runtime/.build/ui_runs/20260424_153904/derived/Build/Intermediates.noindex/NSInfinityApp.build/Debug/NSInfinityApp.build/Objects-normal/arm64/NSInfinityApp.SwiftConstValuesFileList

WriteAuxiliaryFile /Users/axiolevns/axiolev_runtime/.build/ui_runs/20260424_153904/derived/Build/Intermediates.noindex/NSInfinityApp.build/Debug/NSInfinityApp.build/Objects-normal/arm64/NSInfinityApp_const_extract_protocols.json (in target 'NSInfinityApp' from project 'NSInfinityApp')
    cd /Users/axiolevns/axiolev_runtime/apps/ns_mac/NSInfinityApp
    write-file /Users/axiolevns/axiolev_runtime/.build/ui_runs/20260424_153904/derived/Build/Intermediates.noindex/NSInfinityApp.build/Debug/NSInfinityApp.build/Objects-normal/arm64/NSInfinityApp_const_extract_protocols.json

WriteAuxiliaryFile /Users/axiolevns/axiolev_runtime/.build/ui_runs/20260424_153904/derived/Build/Intermediates.noindex/NSInfinityApp.build/Debug/NSInfinityApp.build/Objects-normal/arm64/NSInfinityApp.SwiftFileList (in target 'NSInfinityApp' from project 'NSInfinityApp')
    cd /Users/axiolevns/axiolev_runtime/apps/ns_mac/NSInfinityApp
    write-file /Users/axiolevns/axiolev_runtime/.build/ui_runs/20260424_153904/derived/Build/Intermediates.noindex/NSInfinityApp.build/Debug/NSInfinityApp.build/Objects-normal/arm64/NSInfinityApp.SwiftFileList

WriteAuxiliaryFile /Users/axiolevns/axiolev_runtime/.build/ui_runs/20260424_153904/derived/Build/Intermediates.noindex/NSInfinityApp.build/Debug/NSInfinityApp.build/Objects-normal/arm64/NSInfinityApp.LinkFileList (in target 'NSInfinityApp' from project 'NSInfinityApp')
    cd /Users/axiolevns/axiolev_runtime/apps/ns_mac/NSInfinityApp
    write-file /Users/axiolevns/axiolev_runtime/.build/ui_runs/20260424_153904/derived/Build/Intermediates.noindex/NSInfinityApp.build/Debug/NSInfinityApp.build/Objects-normal/arm64/NSInfinityApp.LinkFileList

WriteAuxiliaryFile /Users/axiolevns/axiolev_runtime/.build/ui_runs/20260424_153904/derived/Build/Intermediates.noindex/NSInfinityApp.build/Debug/NSInfinityApp.build/Objects-normal/arm64/NSInfinityApp-OutputFileMap.json (in target 'NSInfinityApp' from project 'NSInfinityApp')
    cd /Users/axiolevns/axiolev_runtime/apps/ns_mac/NSInfinityApp
    write-file /Users/axiolevns/axiolev_runtime/.build/ui_runs/20260424_153904/derived/Build/Intermediates.noindex/NSInfinityApp.build/Debug/NSInfinityApp.build/Objects-normal/arm64/NSInfinityApp-OutputFileMap.json

MkDir /Users/axiolevns/axiolev_runtime/.build/ui_runs/20260424_153904/derived/Build/Products/Debug/NSInfinityApp.app/Contents (in target 'NSInfinityApp' from project 'NSInfinityApp')
    cd /Users/axiolevns/axiolev_runtime/apps/ns_mac/NSInfinityApp
    /bin/mkdir -p /Users/axiolevns/axiolev_runtime/.build/ui_runs/20260424_153904/derived/Build/Products/Debug/NSInfinityApp.app/Contents

MkDir /Users/axiolevns/axiolev_runtime/.build/ui_runs/20260424_153904/derived/Build/Products/Debug/NSInfinityApp.app/Contents/Resources (in target 'NSInfinityApp' from project 'NSInfinityApp')
    cd /Users/axiolevns/axiolev_runtime/apps/ns_mac/NSInfinityApp
    /bin/mkdir -p /Users/axiolevns/axiolev_runtime/.build/ui_runs/20260424_153904/derived/Build/Products/Debug/NSInfinityApp.app/Contents/Resources

MkDir /Users/axiolevns/axiolev_runtime/.build/ui_runs/20260424_153904/derived/Build/Products/Debug/NSInfinityApp.app/Contents/MacOS (in target 'NSInfinityApp' from project 'NSInfinityApp')
    cd /Users/axiolevns/axiolev_runtime/apps/ns_mac/NSInfinityApp
    /bin/mkdir -p /Users/axiolevns/axiolev_runtime/.build/ui_runs/20260424_153904/derived/Build/Products/Debug/NSInfinityApp.app/Contents/MacOS

MkDir /Users/axiolevns/axiolev_runtime/.build/ui_runs/20260424_153904/derived/Build/Intermediates.noindex/NSInfinityApp.build/Debug/NSInfinityApp.build/assetcatalog_output/unthinned (in target 'NSInfinityApp' from project 'NSInfinityApp')
    cd /Users/axiolevns/axiolev_runtime/apps/ns_mac/NSInfinityApp
    /bin/mkdir -p /Users/axiolevns/axiolev_runtime/.build/ui_runs/20260424_153904/derived/Build/Intermediates.noindex/NSInfinityApp.build/Debug/NSInfinityApp.build/assetcatalog_output/unthinned

MkDir /Users/axiolevns/axiolev_runtime/.build/ui_runs/20260424_153904/derived/Build/Intermediates.noindex/NSInfinityApp.build/Debug/NSInfinityApp.build/assetcatalog_output/thinned (in target 'NSInfinityApp' from project 'NSInfinityApp')
    cd /Users/axiolevns/axiolev_runtime/apps/ns_mac/NSInfinityApp
    /bin/mkdir -p /Users/axiolevns/axiolev_runtime/.build/ui_runs/20260424_153904/derived/Build/Intermediates.noindex/NSInfinityApp.build/Debug/NSInfinityApp.build/assetcatalog_output/thinned

Ld /Users/axiolevns/axiolev_runtime/.build/ui_runs/20260424_153904/derived/Build/Products/Debug/NSInfinityApp.app/Contents/MacOS/__preview.dylib normal (in target 'NSInfinityApp' from project 'NSInfinityApp')
    cd /Users/axiolevns/axiolev_runtime/apps/ns_mac/NSInfinityApp
    /Applications/Xcode.app/Contents/Developer/Toolchains/XcodeDefault.xctoolchain/usr/bin/clang -Xlinker -reproducible -target arm64-apple-macos14.0 -dynamiclib -isysroot /Applications/Xcode.app/Contents/Developer/Platforms/MacOSX.platform/Developer/SDKs/MacOSX26.4.sdk -O0 -L/Users/axiolevns/axiolev_runtime/.build/ui_runs/20260424_153904/derived/Build/Products/Debug -F/Users/axiolevns/axiolev_runtime/.build/ui_runs/20260424_153904/derived/Build/Products/Debug -install_name @rpath/NSInfinityApp.debug.dylib -rdynamic -Xlinker -no_deduplicate -Xlinker -dependency_info -Xlinker /Users/axiolevns/axiolev_runtime/.build/ui_runs/20260424_153904/derived/Build/Intermediates.noindex/NSInfinityApp.build/Debug/NSInfinityApp.build/Objects-normal/arm64/NSInfinityApp_dependency_info.dat -o /Users/axiolevns/axiolev_runtime/.build/ui_runs/20260424_153904/derived/Build/Products/Debug/NSInfinityApp.app/Contents/MacOS/__preview.dylib

GenerateAssetSymbols /Users/axiolevns/axiolev_runtime/apps/ns_mac/NSInfinityApp/NSInfinityApp/Resources/Assets.xcassets (in target 'NSInfinityApp' from project 'NSInfinityApp')
    cd /Users/axiolevns/axiolev_runtime/apps/ns_mac/NSInfinityApp
    /Applications/Xcode.app/Contents/Developer/usr/bin/actool /Users/axiolevns/axiolev_runtime/apps/ns_mac/NSInfinityApp/NSInfinityApp/Resources/Assets.xcassets --compile /Users/axiolevns/axiolev_runtime/.build/ui_runs/20260424_153904/derived/Build/Products/Debug/NSInfinityApp.app/Contents/Resources --output-format human-readable-text --notices --warnings --export-dependency-info /Users/axiolevns/axiolev_runtime/.build/ui_runs/20260424_153904/derived/Build/Intermediates.noindex/NSInfinityApp.build/Debug/NSInfinityApp.build/assetcatalog_dependencies --output-partial-info-plist /Users/axiolevns/axiolev_runtime/.build/ui_runs/20260424_153904/derived/Build/Intermediates.noindex/NSInfinityApp.build/Debug/NSInfinityApp.build/assetcatalog_generated_info.plist --app-icon AppIcon --accent-color AccentColor --enable-on-demand-resources NO --development-region en --target-device mac --minimum-deployment-target 14.0 --platform macosx --bundle-identifier com.axiolev.NSInfinityApp --generate-swift-asset-symbol-extensions NO --generate-swift-asset-symbols /Users/axiolevns/axiolev_runtime/.build/ui_runs/20260424_153904/derived/Build/Intermediates.noindex/NSInfinityApp.build/Debug/NSInfinityApp.build/DerivedSources/GeneratedAssetSymbols.swift --generate-objc-asset-symbols /Users/axiolevns/axiolev_runtime/.build/ui_runs/20260424_153904/derived/Build/Intermediates.noindex/NSInfinityApp.build/Debug/NSInfinityApp.build/DerivedSources/GeneratedAssetSymbols.h --generate-asset-symbol-index /Users/axiolevns/axiolev_runtime/.build/ui_runs/20260424_153904/derived/Build/Intermediates.noindex/NSInfinityApp.build/Debug/NSInfinityApp.build/DerivedSources/GeneratedAssetSymbols-Index.plist
/* com.apple.actool.compilation-results */
/Users/axiolevns/axiolev_runtime/.build/ui_runs/20260424_153904/derived/Build/Intermediates.noindex/NSInfinityApp.build/Debug/NSInfinityApp.build/DerivedSources/GeneratedAssetSymbols-Index.plist
/Users/axiolevns/axiolev_runtime/.build/ui_runs/20260424_153904/derived/Build/Intermediates.noindex/NSInfinityApp.build/Debug/NSInfinityApp.build/DerivedSources/GeneratedAssetSymbols.h
/Users/axiolevns/axiolev_runtime/.build/ui_runs/20260424_153904/derived/Build/Intermediates.noindex/NSInfinityApp.build/Debug/NSInfinityApp.build/DerivedSources/GeneratedAssetSymbols.swift


CompileMetalFile /Users/axiolevns/axiolev_runtime/apps/ns_mac/NSInfinityApp/NSInfinityApp/Metal/OrganismShaders.metal (in target 'NSInfinityApp' from project 'NSInfinityApp')
    cd /Users/axiolevns/axiolev_runtime/apps/ns_mac/NSInfinityApp
    /var/run/com.apple.security.cryptexd/mnt/com.apple.MobileAsset.MetalToolchain-v17.5.188.0.02e4cN/Metal.xctoolchain/usr/bin/metal -c -target air64-apple-macos14.0 -gline-tables-only -frecord-sources -I/Users/axiolevns/axiolev_runtime/.build/ui_runs/20260424_153904/derived/Build/Products/Debug/include -F/Users/axiolevns/axiolev_runtime/.build/ui_runs/20260424_153904/derived/Build/Products/Debug -isysroot /Applications/Xcode.app/Contents/Developer/Platforms/MacOSX.platform/Developer/SDKs/MacOSX26.4.sdk -fmetal-math-mode\=fast -fmetal-math-fp32-functions\=fast -serialize-diagnostics /Users/axiolevns/axiolev_runtime/.build/ui_runs/20260424_153904/derived/Build/Intermediates.noindex/NSInfinityApp.build/Debug/NSInfinityApp.build/Metal/OrganismShaders.dia -o /Users/axiolevns/axiolev_runtime/.build/ui_runs/20260424_153904/derived/Build/Intermediates.noindex/NSInfinityApp.build/Debug/NSInfinityApp.build/Metal/OrganismShaders.air -index-store-path /Users/axiolevns/axiolev_runtime/.build/ui_runs/20260424_153904/derived/Index.noindex/DataStore -MMD -MT dependencies -MF /Users/axiolevns/axiolev_runtime/.build/ui_runs/20260424_153904/derived/Build/Intermediates.noindex/NSInfinityApp.build/Debug/NSInfinityApp.build/Metal/OrganismShaders.dat /Users/axiolevns/axiolev_runtime/apps/ns_mac/NSInfinityApp/NSInfinityApp/Metal/OrganismShaders.metal

CompileAssetCatalogVariant thinned /Users/axiolevns/axiolev_runtime/.build/ui_runs/20260424_153904/derived/Build/Products/Debug/NSInfinityApp.app/Contents/Resources /Users/axiolevns/axiolev_runtime/apps/ns_mac/NSInfinityApp/NSInfinityApp/Resources/Assets.xcassets (in target 'NSInfinityApp' from project 'NSInfinityApp')
    cd /Users/axiolevns/axiolev_runtime/apps/ns_mac/NSInfinityApp
    /Applications/Xcode.app/Contents/Developer/usr/bin/actool /Users/axiolevns/axiolev_runtime/apps/ns_mac/NSInfinityApp/NSInfinityApp/Resources/Assets.xcassets --compile /Users/axiolevns/axiolev_runtime/.build/ui_runs/20260424_153904/derived/Build/Intermediates.noindex/NSInfinityApp.build/Debug/NSInfinityApp.build/assetcatalog_output/thinned --output-format human-readable-text --notices --warnings --export-dependency-info /Users/axiolevns/axiolev_runtime/.build/ui_runs/20260424_153904/derived/Build/Intermediates.noindex/NSInfinityApp.build/Debug/NSInfinityApp.build/assetcatalog_dependencies_thinned --output-partial-info-plist /Users/axiolevns/axiolev_runtime/.build/ui_runs/20260424_153904/derived/Build/Intermediates.noindex/NSInfinityApp.build/Debug/NSInfinityApp.build/assetcatalog_generated_info.plist_thinned --app-icon AppIcon --accent-color AccentColor --enable-on-demand-resources NO --development-region en --target-device mac --minimum-deployment-target 14.0 --platform macosx
/* com.apple.actool.compilation-results */
/Users/axiolevns/axiolev_runtime/.build/ui_runs/20260424_153904/derived/Build/Intermediates.noindex/NSInfinityApp.build/Debug/NSInfinityApp.build/assetcatalog_generated_info.plist_thinned
/Users/axiolevns/axiolev_runtime/.build/ui_runs/20260424_153904/derived/Build/Intermediates.noindex/NSInfinityApp.build/Debug/NSInfinityApp.build/assetcatalog_output/thinned/Assets.car


MetalLink /Users/axiolevns/axiolev_runtime/.build/ui_runs/20260424_153904/derived/Build/Products/Debug/NSInfinityApp.app/Contents/Resources/default.metallib (in target 'NSInfinityApp' from project 'NSInfinityApp')
    cd /Users/axiolevns/axiolev_runtime/apps/ns_mac/NSInfinityApp
    /var/run/com.apple.security.cryptexd/mnt/com.apple.MobileAsset.MetalToolchain-v17.5.188.0.02e4cN/Metal.xctoolchain/usr/bin/metal -target air64-apple-macos14.0 -frecord-sources -o /Users/axiolevns/axiolev_runtime/.build/ui_runs/20260424_153904/derived/Build/Products/Debug/NSInfinityApp.app/Contents/Resources/default.metallib /Users/axiolevns/axiolev_runtime/.build/ui_runs/20260424_153904/derived/Build/Intermediates.noindex/NSInfinityApp.build/Debug/NSInfinityApp.build/Metal/OrganismShaders.air

SwiftDriver NSInfinityApp normal arm64 com.apple.xcode.tools.swift.compiler (in target 'NSInfinityApp' from project 'NSInfinityApp')
    cd /Users/axiolevns/axiolev_runtime/apps/ns_mac/NSInfinityApp
    builtin-SwiftDriver -- /Applications/Xcode.app/Contents/Developer/Toolchains/XcodeDefault.xctoolchain/usr/bin/swiftc -module-name NSInfinityApp -Onone @/Users/axiolevns/axiolev_runtime/.build/ui_runs/20260424_153904/derived/Build/Intermediates.noindex/NSInfinityApp.build/Debug/NSInfinityApp.build/Objects-normal/arm64/NSInfinityApp.SwiftFileList -DDEBUG -enable-bare-slash-regex -enable-experimental-feature DebugDescriptionMacro -sdk /Applications/Xcode.app/Contents/Developer/Platforms/MacOSX.platform/Developer/SDKs/MacOSX26.4.sdk -target arm64-apple-macos14.0 -g -module-cache-path /Users/axiolevns/axiolev_runtime/.build/ui_runs/20260424_153904/derived/ModuleCache.noindex -Xfrontend -serialize-debugging-options -enable-testing -index-store-path /Users/axiolevns/axiolev_runtime/.build/ui_runs/20260424_153904/derived/Index.noindex/DataStore -Xcc -D_LIBCPP_HARDENING_MODE\=_LIBCPP_HARDENING_MODE_DEBUG -swift-version 5 -I /Users/axiolevns/axiolev_runtime/.build/ui_runs/20260424_153904/derived/Build/Products/Debug -F /Users/axiolevns/axiolev_runtime/.build/ui_runs/20260424_153904/derived/Build/Products/Debug -emit-localized-strings -emit-localized-strings-path /Users/axiolevns/axiolev_runtime/.build/ui_runs/20260424_153904/derived/Build/Intermediates.noindex/NSInfinityApp.build/Debug/NSInfinityApp.build/Objects-normal/arm64 -c -j28 -enable-batch-mode -incremental -Xcc -ivfsstatcache -Xcc /Users/axiolevns/axiolev_runtime/.build/ui_runs/20260424_153904/derived/SDKStatCaches.noindex/macosx26.4-25E251-688ef53f1462e2c8f657fdc38a81448f30f9ca8789b706f8bd3fc906a70d770f.sdkstatcache -output-file-map /Users/axiolevns/axiolev_runtime/.build/ui_runs/20260424_153904/derived/Build/Intermediates.noindex/NSInfinityApp.build/Debug/NSInfinityApp.build/Objects-normal/arm64/NSInfinityApp-OutputFileMap.json -use-frontend-parseable-output -save-temps -no-color-diagnostics -explicit-module-build -module-cache-path /Users/axiolevns/axiolev_runtime/.build/ui_runs/20260424_153904/derived/Build/Intermediates.noindex/SwiftExplicitPrecompiledModules -clang-scanner-module-cache-path /Users/axiolevns/axiolev_runtime/.build/ui_runs/20260424_153904/derived/ModuleCache.noindex -sdk-module-cache-path /Users/axiolevns/axiolev_runtime/.build/ui_runs/20260424_153904/derived/ModuleCache.noindex -serialize-diagnostics -emit-dependencies -emit-module -emit-module-path /Users/axiolevns/axiolev_runtime/.build/ui_runs/20260424_153904/derived/Build/Intermediates.noindex/NSInfinityApp.build/Debug/NSInfinityApp.build/Objects-normal/arm64/NSInfinityApp.swiftmodule -validate-clang-modules-once -clang-build-session-file /Users/axiolevns/axiolev_runtime/.build/ui_runs/20260424_153904/derived/ModuleCache.noindex/Session.modulevalidation -Xcc -I/Users/axiolevns/axiolev_runtime/.build/ui_runs/20260424_153904/derived/Build/Intermediates.noindex/NSInfinityApp.build/Debug/NSInfinityApp.build/swift-overrides.hmap -emit-const-values -Xfrontend -const-gather-protocols-file -Xfrontend /Users/axiolevns/axiolev_runtime/.build/ui_runs/20260424_153904/derived/Build/Intermediates.noindex/NSInfinityApp.build/Debug/NSInfinityApp.build/Objects-normal/arm64/NSInfinityApp_const_extract_protocols.json -Xcc -iquote -Xcc /Users/axiolevns/axiolev_runtime/.build/ui_runs/20260424_153904/derived/Build/Intermediates.noindex/NSInfinityApp.build/Debug/NSInfinityApp.build/NSInfinityApp-generated-files.hmap -Xcc -I/Users/axiolevns/axiolev_runtime/.build/ui_runs/20260424_153904/derived/Build/Intermediates.noindex/NSInfinityApp.build/Debug/NSInfinityApp.build/NSInfinityApp-own-target-headers.hmap -Xcc -I/Users/axiolevns/axiolev_runtime/.build/ui_runs/20260424_153904/derived/Build/Intermediates.noindex/NSInfinityApp.build/Debug/NSInfinityApp.build/NSInfinityApp-all-target-headers.hmap -Xcc -iquote -Xcc /Users/axiolevns/axiolev_runtime/.build/ui_runs/20260424_153904/derived/Build/Intermediates.noindex/NSInfinityApp.build/Debug/NSInfinityApp.build/NSInfinityApp-project-headers.hmap -Xcc -I/Users/axiolevns/axiolev_runtime/.build/ui_runs/20260424_153904/derived/Build/Products/Debug/include -Xcc -I/Users/axiolevns/axiolev_runtime/.build/ui_runs/20260424_153904/derived/Build/Intermediates.noindex/NSInfinityApp.build/Debug/NSInfinityApp.build/DerivedSources-normal/arm64 -Xcc -I/Users/axiolevns/axiolev_runtime/.build/ui_runs/20260424_153904/derived/Build/Intermediates.noindex/NSInfinityApp.build/Debug/NSInfinityApp.build/DerivedSources/arm64 -Xcc -I/Users/axiolevns/axiolev_runtime/.build/ui_runs/20260424_153904/derived/Build/Intermediates.noindex/NSInfinityApp.build/Debug/NSInfinityApp.build/DerivedSources -Xcc -DDEBUG\=1 -emit-objc-header -emit-objc-header-path /Users/axiolevns/axiolev_runtime/.build/ui_runs/20260424_153904/derived/Build/Intermediates.noindex/NSInfinityApp.build/Debug/NSInfinityApp.build/Objects-normal/arm64/NSInfinityApp-Swift.h -working-directory /Users/axiolevns/axiolev_runtime/apps/ns_mac/NSInfinityApp -experimental-emit-module-separately -disable-cmo

LinkAssetCatalog /Users/axiolevns/axiolev_runtime/apps/ns_mac/NSInfinityApp/NSInfinityApp/Resources/Assets.xcassets (in target 'NSInfinityApp' from project 'NSInfinityApp')
    cd /Users/axiolevns/axiolev_runtime/apps/ns_mac/NSInfinityApp
    builtin-linkAssetCatalog --thinned /Users/axiolevns/axiolev_runtime/.build/ui_runs/20260424_153904/derived/Build/Intermediates.noindex/NSInfinityApp.build/Debug/NSInfinityApp.build/assetcatalog_output/thinned --thinned-dependencies /Users/axiolevns/axiolev_runtime/.build/ui_runs/20260424_153904/derived/Build/Intermediates.noindex/NSInfinityApp.build/Debug/NSInfinityApp.build/assetcatalog_dependencies_thinned --thinned-info-plist-content /Users/axiolevns/axiolev_runtime/.build/ui_runs/20260424_153904/derived/Build/Intermediates.noindex/NSInfinityApp.build/Debug/NSInfinityApp.build/assetcatalog_generated_info.plist_thinned --unthinned /Users/axiolevns/axiolev_runtime/.build/ui_runs/20260424_153904/derived/Build/Intermediates.noindex/NSInfinityApp.build/Debug/NSInfinityApp.build/assetcatalog_output/unthinned --unthinned-dependencies /Users/axiolevns/axiolev_runtime/.build/ui_runs/20260424_153904/derived/Build/Intermediates.noindex/NSInfinityApp.build/Debug/NSInfinityApp.build/assetcatalog_dependencies_unthinned --unthinned-info-plist-content /Users/axiolevns/axiolev_runtime/.build/ui_runs/20260424_153904/derived/Build/Intermediates.noindex/NSInfinityApp.build/Debug/NSInfinityApp.build/assetcatalog_generated_info.plist_unthinned --output /Users/axiolevns/axiolev_runtime/.build/ui_runs/20260424_153904/derived/Build/Products/Debug/NSInfinityApp.app/Contents/Resources --plist-output /Users/axiolevns/axiolev_runtime/.build/ui_runs/20260424_153904/derived/Build/Intermediates.noindex/NSInfinityApp.build/Debug/NSInfinityApp.build/assetcatalog_generated_info.plist
note: Emplaced /Users/axiolevns/axiolev_runtime/.build/ui_runs/20260424_153904/derived/Build/Products/Debug/NSInfinityApp.app/Contents/Resources/Assets.car (in target 'NSInfinityApp' from project 'NSInfinityApp')

ProcessInfoPlistFile /Users/axiolevns/axiolev_runtime/.build/ui_runs/20260424_153904/derived/Build/Products/Debug/NSInfinityApp.app/Contents/Info.plist /Users/axiolevns/axiolev_runtime/apps/ns_mac/NSInfinityApp/NSInfinityApp/Resources/Info.plist (in target 'NSInfinityApp' from project 'NSInfinityApp')
    cd /Users/axiolevns/axiolev_runtime/apps/ns_mac/NSInfinityApp
    builtin-infoPlistUtility /Users/axiolevns/axiolev_runtime/apps/ns_mac/NSInfinityApp/NSInfinityApp/Resources/Info.plist -producttype com.apple.product-type.application -genpkginfo /Users/axiolevns/axiolev_runtime/.build/ui_runs/20260424_153904/derived/Build/Products/Debug/NSInfinityApp.app/Contents/PkgInfo -expandbuildsettings -platform macosx -additionalcontentfile /Users/axiolevns/axiolev_runtime/.build/ui_runs/20260424_153904/derived/Build/Intermediates.noindex/NSInfinityApp.build/Debug/NSInfinityApp.build/assetcatalog_generated_info.plist -o /Users/axiolevns/axiolev_runtime/.build/ui_runs/20260424_153904/derived/Build/Products/Debug/NSInfinityApp.app/Contents/Info.plist

SwiftExplicitDependencyGeneratePcm arm64 /Users/axiolevns/axiolev_runtime/.build/ui_runs/20260424_153904/derived/ModuleCache.noindex/SwiftShims-5Q20PBB43IXKB4J38K9XDWYUV.pcm

SwiftExplicitDependencyGeneratePcm arm64 /Users/axiolevns/axiolev_runtime/.build/ui_runs/20260424_153904/derived/ModuleCache.noindex/ptrauth-EOKE72O9ZZ9U7JXDGQAG2OYOO.pcm

SwiftExplicitDependencyGeneratePcm arm64 /Users/axiolevns/axiolev_runtime/.build/ui_runs/20260424_153904/derived/ModuleCache.noindex/_Builtin_stdarg-A24QTDOQ8FL4ZA7TI55OE4JKF.pcm

SwiftExplicitDependencyGeneratePcm arm64 /Users/axiolevns/axiolev_runtime/.build/ui_runs/20260424_153904/derived/ModuleCache.noindex/_AvailabilityInternal-BP3IW2J3J210KKOEJ3RM2DCZO.pcm

SwiftExplicitDependencyGeneratePcm arm64 /Users/axiolevns/axiolev_runtime/.build/ui_runs/20260424_153904/derived/ModuleCache.noindex/_Builtin_stdbool-UXU3ELQF5XXCKHALG9M6BZ3P.pcm

SwiftExplicitDependencyGeneratePcm arm64 /Users/axiolevns/axiolev_runtime/.build/ui_runs/20260424_153904/derived/ModuleCache.noindex/_Builtin_float-ADAQN4DU462WPSQ4AL3LBHA55.pcm

SwiftExplicitDependencyGeneratePcm arm64 /Users/axiolevns/axiolev_runtime/.build/ui_runs/20260424_153904/derived/ModuleCache.noindex/ptrcheck-2QNPBJOFCBKGPAJEDLOP2GR3F.pcm

SwiftExplicitDependencyGeneratePcm arm64 /Users/axiolevns/axiolev_runtime/.build/ui_runs/20260424_153904/derived/ModuleCache.noindex/_SwiftConcurrencyShims-5KH1UVOR23R3I7RO89HXK9V5J.pcm

SwiftExplicitDependencyGeneratePcm arm64 /Users/axiolevns/axiolev_runtime/.build/ui_runs/20260424_153904/derived/ModuleCache.noindex/DeveloperToolsSupport-5Q16S39EHRDEF2V69BWMPJD0E.pcm

SwiftExplicitDependencyGeneratePcm arm64 /Users/axiolevns/axiolev_runtime/.build/ui_runs/20260424_153904/derived/ModuleCache.noindex/_Builtin_stddef-147GGGSU8TDWXSLDH196UVG37.pcm

SwiftExplicitDependencyGeneratePcm arm64 /Users/axiolevns/axiolev_runtime/.build/ui_runs/20260424_153904/derived/ModuleCache.noindex/_DarwinFoundation1-98EC5GJTI2S9802KYNOSNZU6X.pcm

SwiftExplicitDependencyGeneratePcm arm64 /Users/axiolevns/axiolev_runtime/.build/ui_runs/20260424_153904/derived/ModuleCache.noindex/_DarwinFoundation2-7XAIL9SGBO8YRUEDISHHOCIQ4.pcm

SwiftExplicitDependencyGeneratePcm arm64 /Users/axiolevns/axiolev_runtime/.build/ui_runs/20260424_153904/derived/ModuleCache.noindex/_Builtin_limits-953SMYXY65KIPD8JP8KIHIV21.pcm

SwiftExplicitDependencyGeneratePcm arm64 /Users/axiolevns/axiolev_runtime/.build/ui_runs/20260424_153904/derived/ModuleCache.noindex/_Builtin_tgmath-2Y0C2XRC3G6Q6FVF88X71VYOU.pcm

SwiftExplicitDependencyGeneratePcm arm64 /Users/axiolevns/axiolev_runtime/.build/ui_runs/20260424_153904/derived/ModuleCache.noindex/sys_types-B1JGKP0985226Q383SM5B64AM.pcm

SwiftExplicitDependencyGeneratePcm arm64 /Users/axiolevns/axiolev_runtime/.build/ui_runs/20260424_153904/derived/ModuleCache.noindex/_Builtin_stdint-EQ7QEQVTQYOD3WP32FM4JP501.pcm

SwiftExplicitDependencyGeneratePcm arm64 /Users/axiolevns/axiolev_runtime/.build/ui_runs/20260424_153904/derived/ModuleCache.noindex/OpenGL-BM0RHQN6FUA5EIDNKDV2QE8UR.pcm

SwiftExplicitDependencyGeneratePcm arm64 /Users/axiolevns/axiolev_runtime/.build/ui_runs/20260424_153904/derived/ModuleCache.noindex/_Builtin_stdatomic-8MQ07T9XJQ4KOEMGW2QLB5M2R.pcm

SwiftExplicitDependencyGeneratePcm arm64 /Users/axiolevns/axiolev_runtime/.build/ui_runs/20260424_153904/derived/ModuleCache.noindex/libDER-5TZ0E807IF5URO4A252OEU3DA.pcm

SwiftExplicitDependencyGeneratePcm arm64 /Users/axiolevns/axiolev_runtime/.build/ui_runs/20260424_153904/derived/ModuleCache.noindex/_Builtin_intrinsics-9466PCIVY12B21PHDZCV65U2M.pcm

SwiftExplicitDependencyGeneratePcm arm64 /Users/axiolevns/axiolev_runtime/.build/ui_runs/20260424_153904/derived/ModuleCache.noindex/_DarwinFoundation3-32MLF6V8KQYI02020RH208WF6.pcm

SwiftExplicitDependencyGeneratePcm arm64 /Users/axiolevns/axiolev_runtime/.build/ui_runs/20260424_153904/derived/ModuleCache.noindex/_Builtin_inttypes-30M8WG0PUQV69S73QDB6FRRLY.pcm

SwiftExplicitDependencyGeneratePcm arm64 /Users/axiolevns/axiolev_runtime/.build/ui_runs/20260424_153904/derived/ModuleCache.noindex/Darwin-4EMY176X5R32Z8YVJD87UY4PM.pcm

SwiftExplicitDependencyGeneratePcm arm64 /Users/axiolevns/axiolev_runtime/.build/ui_runs/20260424_153904/derived/ModuleCache.noindex/simd-8OUHWXZMN3XJK5PY5FA3WFYJJ.pcm

SwiftExplicitDependencyGeneratePcm arm64 /Users/axiolevns/axiolev_runtime/.build/ui_runs/20260424_153904/derived/ModuleCache.noindex/libkern-1PKBOUKD6L6HN5BTJAP0WPCJ.pcm

SwiftExplicitDependencyGeneratePcm arm64 /Users/axiolevns/axiolev_runtime/.build/ui_runs/20260424_153904/derived/ModuleCache.noindex/CUPS-72EZ00LCYHZFE9DQ649434WZ1.pcm

SwiftExplicitDependencyGeneratePcm arm64 /Users/axiolevns/axiolev_runtime/.build/ui_runs/20260424_153904/derived/ModuleCache.noindex/launch-3XURPIRINVN5A1XDA0MA1SXTJ.pcm

SwiftExplicitDependencyGeneratePcm arm64 /Users/axiolevns/axiolev_runtime/.build/ui_runs/20260424_153904/derived/ModuleCache.noindex/MachO-61UBIOEP0AMRRVSSL6Q4PDIVR.pcm

SwiftExplicitDependencyGeneratePcm arm64 /Users/axiolevns/axiolev_runtime/.build/ui_runs/20260424_153904/derived/ModuleCache.noindex/ObjectiveC-A2N60VAN8CBITP7UYZ7VVQJ8V.pcm

SwiftExplicitDependencyGeneratePcm arm64 /Users/axiolevns/axiolev_runtime/.build/ui_runs/20260424_153904/derived/ModuleCache.noindex/Spatial-D53N36KV3V2XR075IXUOJ86QJ.pcm

SwiftExplicitDependencyGeneratePcm arm64 /Users/axiolevns/axiolev_runtime/.build/ui_runs/20260424_153904/derived/ModuleCache.noindex/os_object-9RC4ED2NF8IRECVZOQK32UIVD.pcm

SwiftExplicitDependencyGeneratePcm arm64 /Users/axiolevns/axiolev_runtime/.build/ui_runs/20260424_153904/derived/ModuleCache.noindex/os_workgroup-AHM5RF07JDU6YSW8PIWAPM1N3.pcm

SwiftExplicitDependencyGeneratePcm arm64 /Users/axiolevns/axiolev_runtime/.build/ui_runs/20260424_153904/derived/ModuleCache.noindex/Dispatch-E1R6SU9NJ0XZDZDRCTMMFWJOQ.pcm

SwiftExplicitDependencyGeneratePcm arm64 /Users/axiolevns/axiolev_runtime/.build/ui_runs/20260424_153904/derived/ModuleCache.noindex/XPC-ECURNY2WNPEY9QC8LWWP26JIT.pcm

SwiftExplicitDependencyGeneratePcm arm64 /Users/axiolevns/axiolev_runtime/.build/ui_runs/20260424_153904/derived/ModuleCache.noindex/CoreFoundation-6WS4WNM63AGINVIQG15AE3XY4.pcm

SwiftExplicitDependencyGeneratePcm arm64 /Users/axiolevns/axiolev_runtime/.build/ui_runs/20260424_153904/derived/ModuleCache.noindex/os-87EZ8AYXAXLLE1WM1KWQDBL9Q.pcm

SwiftExplicitDependencyGeneratePcm arm64 /Users/axiolevns/axiolev_runtime/.build/ui_runs/20260424_153904/derived/ModuleCache.noindex/Security-2SWVPDJ8LQVPF36BFGCFTY59M.pcm

SwiftExplicitDependencyGeneratePcm arm64 /Users/axiolevns/axiolev_runtime/.build/ui_runs/20260424_153904/derived/ModuleCache.noindex/ColorSync-AM240ONOQQFWTW2GV8VMRJGLQ.pcm

SwiftExplicitDependencyGeneratePcm arm64 /Users/axiolevns/axiolev_runtime/.build/ui_runs/20260424_153904/derived/ModuleCache.noindex/CFNetwork-JBNZQ8ACE4VZ638RLCND85BA.pcm

SwiftExplicitDependencyGeneratePcm arm64 /Users/axiolevns/axiolev_runtime/.build/ui_runs/20260424_153904/derived/ModuleCache.noindex/IOKit-4HW7NG0YY7XER9ZWNVLHRH4UG.pcm

SwiftExplicitDependencyGeneratePcm arm64 /Users/axiolevns/axiolev_runtime/.build/ui_runs/20260424_153904/derived/ModuleCache.noindex/CoreGraphics-74ONSG561O23EEFZ8AU7S8N57.pcm

SwiftExplicitDependencyGeneratePcm arm64 /Users/axiolevns/axiolev_runtime/.build/ui_runs/20260424_153904/derived/ModuleCache.noindex/DiskArbitration-APL7Q8NET2VERYS9HO28CCGRO.pcm

SwiftExplicitDependencyGeneratePcm arm64 /Users/axiolevns/axiolev_runtime/.build/ui_runs/20260424_153904/derived/ModuleCache.noindex/CoreServices-O1ESWYNOS6T31RXV6E7GBDNX.pcm

SwiftExplicitDependencyGeneratePcm arm64 /Users/axiolevns/axiolev_runtime/.build/ui_runs/20260424_153904/derived/ModuleCache.noindex/ImageIO-4X3ECDRW3CJYH59E8EIH1Z15Y.pcm

SwiftExplicitDependencyGeneratePcm arm64 /Users/axiolevns/axiolev_runtime/.build/ui_runs/20260424_153904/derived/ModuleCache.noindex/CoreText-6AQNK4CY84RPU2HXVOCDVMVZU.pcm

SwiftExplicitDependencyGeneratePcm arm64 /Users/axiolevns/axiolev_runtime/.build/ui_runs/20260424_153904/derived/ModuleCache.noindex/Foundation-B4UADCJJPKAJVOF13GLW5VGPV.pcm

SwiftExplicitDependencyGeneratePcm arm64 /Users/axiolevns/axiolev_runtime/.build/ui_runs/20260424_153904/derived/ModuleCache.noindex/Symbols-D3OG15SXE3J7I36M7RJZQ04WQ.pcm

SwiftExplicitDependencyGeneratePcm arm64 /Users/axiolevns/axiolev_runtime/.build/ui_runs/20260424_153904/derived/ModuleCache.noindex/IOSurface-9AU8E1NNZB5FN774YOW1WGN97.pcm

SwiftExplicitDependencyGeneratePcm arm64 /Users/axiolevns/axiolev_runtime/.build/ui_runs/20260424_153904/derived/ModuleCache.noindex/DataDetection-EZ1X5HC1Y3ML7NKL6HXEPJQM7.pcm

SwiftExplicitDependencyGeneratePcm arm64 /Users/axiolevns/axiolev_runtime/.build/ui_runs/20260424_153904/derived/ModuleCache.noindex/CoreTransferable-B3S9S4878GZTI6A1QB47OGEHR.pcm

SwiftExplicitDependencyGeneratePcm arm64 /Users/axiolevns/axiolev_runtime/.build/ui_runs/20260424_153904/derived/ModuleCache.noindex/OSLog-3M1TW41NBR0PKLL5SMT1JXU5G.pcm

SwiftExplicitDependencyGeneratePcm arm64 /Users/axiolevns/axiolev_runtime/.build/ui_runs/20260424_153904/derived/ModuleCache.noindex/Accessibility-ACQSPY3J9VHUB3QAM1SA1UT68.pcm

SwiftExplicitDependencyGeneratePcm arm64 /Users/axiolevns/axiolev_runtime/.build/ui_runs/20260424_153904/derived/ModuleCache.noindex/ApplicationServices-CAJLAS9MW52KPTJ1C3LWAT9XN.pcm

SwiftExplicitDependencyGeneratePcm arm64 /Users/axiolevns/axiolev_runtime/.build/ui_runs/20260424_153904/derived/ModuleCache.noindex/CoreData-1YWIBBLQO5OQOR37MQ8HPT3BK.pcm

SwiftExplicitDependencyGeneratePcm arm64 /Users/axiolevns/axiolev_runtime/.build/ui_runs/20260424_153904/derived/ModuleCache.noindex/ModelIO-6NRFBUXRGKP28MNI0ELYM60O9.pcm

SwiftExplicitDependencyGeneratePcm arm64 /Users/axiolevns/axiolev_runtime/.build/ui_runs/20260424_153904/derived/ModuleCache.noindex/UniformTypeIdentifiers-7EUMQ3TNQCY0TTQU8FER05KTZ.pcm

SwiftExplicitDependencyGeneratePcm arm64 /Users/axiolevns/axiolev_runtime/.build/ui_runs/20260424_153904/derived/ModuleCache.noindex/Metal-655V54T2D9GQC9K1S91OUH0XT.pcm

SwiftExplicitDependencyGeneratePcm arm64 /Users/axiolevns/axiolev_runtime/.build/ui_runs/20260424_153904/derived/ModuleCache.noindex/CoreVideo-CJ306ORRU9U3HGBL3YRYX4WQN.pcm

SwiftExplicitDependencyGeneratePcm arm64 /Users/axiolevns/axiolev_runtime/.build/ui_runs/20260424_153904/derived/ModuleCache.noindex/CoreImage-C13I7R2LX62HA0MUFN2JTM6DM.pcm

SwiftExplicitDependencyGeneratePcm arm64 /Users/axiolevns/axiolev_runtime/.build/ui_runs/20260424_153904/derived/ModuleCache.noindex/QuartzCore-FX98ITY998OPULL2KEJUZVEG.pcm

SwiftExplicitDependencyGeneratePcm arm64 /Users/axiolevns/axiolev_runtime/.build/ui_runs/20260424_153904/derived/ModuleCache.noindex/SwiftUICore-R1S7SS13LY7274U8AE4VT2H9.pcm

SwiftExplicitDependencyGeneratePcm arm64 /Users/axiolevns/axiolev_runtime/.build/ui_runs/20260424_153904/derived/ModuleCache.noindex/AppKit-9CGZERF9MO7QP9LWZ1MLUMO46.pcm

SwiftExplicitDependencyGeneratePcm arm64 /Users/axiolevns/axiolev_runtime/.build/ui_runs/20260424_153904/derived/ModuleCache.noindex/SwiftUI-5QPA7T2XPFYC2WOT1H2XSVKNH.pcm

SwiftExplicitDependencyGeneratePcm arm64 /Users/axiolevns/axiolev_runtime/.build/ui_runs/20260424_153904/derived/ModuleCache.noindex/MetalKit-2DYM1TYKCPGZ8Z0XHGDRD3D4K.pcm

SwiftEmitModule normal arm64 Emitting\ module\ for\ NSInfinityApp (in target 'NSInfinityApp' from project 'NSInfinityApp')

EmitSwiftModule normal arm64 (in target 'NSInfinityApp' from project 'NSInfinityApp')
    cd /Users/axiolevns/axiolev_runtime/apps/ns_mac/NSInfinityApp
    

SwiftCompile normal arm64 Compiling\ ScoreHistory.swift /Users/axiolevns/axiolev_runtime/apps/ns_mac/NSInfinityApp/NSInfinityApp/Models/ScoreHistory.swift (in target 'NSInfinityApp' from project 'NSInfinityApp')
SwiftCompile normal arm64 /Users/axiolevns/axiolev_runtime/apps/ns_mac/NSInfinityApp/NSInfinityApp/Models/ScoreHistory.swift (in target 'NSInfinityApp' from project 'NSInfinityApp')
    cd /Users/axiolevns/axiolev_runtime/apps/ns_mac/NSInfinityApp
    

SwiftCompile normal arm64 Compiling\ DSColors.swift /Users/axiolevns/axiolev_runtime/apps/ns_mac/NSInfinityApp/NSInfinityApp/DesignSystem/DSColors.swift (in target 'NSInfinityApp' from project 'NSInfinityApp')
SwiftCompile normal arm64 /Users/axiolevns/axiolev_runtime/apps/ns_mac/NSInfinityApp/NSInfinityApp/DesignSystem/DSColors.swift (in target 'NSInfinityApp' from project 'NSInfinityApp')
    cd /Users/axiolevns/axiolev_runtime/apps/ns_mac/NSInfinityApp
    

SwiftCompile normal arm64 Compiling\ ServiceHealth.swift /Users/axiolevns/axiolev_runtime/apps/ns_mac/NSInfinityApp/NSInfinityApp/Models/ServiceHealth.swift (in target 'NSInfinityApp' from project 'NSInfinityApp')

SwiftCompile normal arm64 /Users/axiolevns/axiolev_runtime/apps/ns_mac/NSInfinityApp/NSInfinityApp/Models/ServiceHealth.swift (in target 'NSInfinityApp' from project 'NSInfinityApp')
    cd /Users/axiolevns/axiolev_runtime/apps/ns_mac/NSInfinityApp
    

SwiftCompile normal arm64 Compiling\ AppState.swift /Users/axiolevns/axiolev_runtime/apps/ns_mac/NSInfinityApp/NSInfinityApp/Models/AppState.swift (in target 'NSInfinityApp' from project 'NSInfinityApp')

SwiftCompile normal arm64 /Users/axiolevns/axiolev_runtime/apps/ns_mac/NSInfinityApp/NSInfinityApp/Models/AppState.swift (in target 'NSInfinityApp' from project 'NSInfinityApp')
    cd /Users/axiolevns/axiolev_runtime/apps/ns_mac/NSInfinityApp
    

SwiftCompile normal arm64 Compiling\ HealthPoller.swift /Users/axiolevns/axiolev_runtime/apps/ns_mac/NSInfinityApp/NSInfinityApp/Bridges/HealthPoller.swift (in target 'NSInfinityApp' from project 'NSInfinityApp')

SwiftCompile normal arm64 /Users/axiolevns/axiolev_runtime/apps/ns_mac/NSInfinityApp/NSInfinityApp/Bridges/HealthPoller.swift (in target 'NSInfinityApp' from project 'NSInfinityApp')
    cd /Users/axiolevns/axiolev_runtime/apps/ns_mac/NSInfinityApp
    
/Users/axiolevns/axiolev_runtime/apps/ns_mac/NSInfinityApp/NSInfinityApp/Bridges/HealthPoller.swift:71:40: warning: call to method 'scoreBand' in closure requires explicit use of 'self' to make capture semantics explicit; this is an error in the Swift 6 language mode
                    state.scoreLabel = scoreBand(s)
                                       ^
/Users/axiolevns/axiolev_runtime/apps/ns_mac/NSInfinityApp/NSInfinityApp/Bridges/HealthPoller.swift:55:60: warning: reference to captured var 'anyOnline' in concurrently-executing code; this is an error in the Swift 6 language mode
            await MainActor.run { state.isServicesOnline = anyOnline }
                                                           ^

SwiftCompile normal arm64 Compiling\ RuntimeAPIClient.swift /Users/axiolevns/axiolev_runtime/apps/ns_mac/NSInfinityApp/NSInfinityApp/Bridges/RuntimeAPIClient.swift (in target 'NSInfinityApp' from project 'NSInfinityApp')

SwiftCompile normal arm64 /Users/axiolevns/axiolev_runtime/apps/ns_mac/NSInfinityApp/NSInfinityApp/Bridges/RuntimeAPIClient.swift (in target 'NSInfinityApp' from project 'NSInfinityApp')
    cd /Users/axiolevns/axiolev_runtime/apps/ns_mac/NSInfinityApp
    

SwiftCompile normal arm64 Compiling\ OrganismRenderer.swift /Users/axiolevns/axiolev_runtime/apps/ns_mac/NSInfinityApp/NSInfinityApp/Metal/OrganismRenderer.swift (in target 'NSInfinityApp' from project 'NSInfinityApp')

SwiftCompile normal arm64 /Users/axiolevns/axiolev_runtime/apps/ns_mac/NSInfinityApp/NSInfinityApp/Metal/OrganismRenderer.swift (in target 'NSInfinityApp' from project 'NSInfinityApp')
    cd /Users/axiolevns/axiolev_runtime/apps/ns_mac/NSInfinityApp
    
/Users/axiolevns/axiolev_runtime/apps/ns_mac/NSInfinityApp/NSInfinityApp/Metal/OrganismRenderer.swift:173:19: warning: immutable value 'pipelineState' was never used; consider replacing with '_' or removing it
        guard let pipelineState, let particlePipeline,
              ~~~~^~~~~~~~~~~~~
              _
/Users/axiolevns/axiolev_runtime/apps/ns_mac/NSInfinityApp/NSInfinityApp/Metal/OrganismRenderer.swift:173:38: warning: immutable value 'particlePipeline' was never used; consider replacing with '_' or removing it
        guard let pipelineState, let particlePipeline,
                                 ~~~~^~~~~~~~~~~~~~~~
                                 _

SwiftCompile normal arm64 Compiling\ BuildSpaceView.swift /Users/axiolevns/axiolev_runtime/apps/ns_mac/NSInfinityApp/NSInfinityApp/Features/BuildSpaceView.swift (in target 'NSInfinityApp' from project 'NSInfinityApp')

SwiftCompile normal arm64 /Users/axiolevns/axiolev_runtime/apps/ns_mac/NSInfinityApp/NSInfinityApp/Features/BuildSpaceView.swift (in target 'NSInfinityApp' from project 'NSInfinityApp')
    cd /Users/axiolevns/axiolev_runtime/apps/ns_mac/NSInfinityApp
    

SwiftCompile normal arm64 Compiling\ MetalView.swift /Users/axiolevns/axiolev_runtime/apps/ns_mac/NSInfinityApp/NSInfinityApp/Metal/MetalView.swift (in target 'NSInfinityApp' from project 'NSInfinityApp')
SwiftCompile normal arm64 /Users/axiolevns/axiolev_runtime/apps/ns_mac/NSInfinityApp/NSInfinityApp/Metal/MetalView.swift (in target 'NSInfinityApp' from project 'NSInfinityApp')
    cd /Users/axiolevns/axiolev_runtime/apps/ns_mac/NSInfinityApp
    

SwiftCompile normal arm64 Compiling\ KeyboardHandler.swift /Users/axiolevns/axiolev_runtime/apps/ns_mac/NSInfinityApp/NSInfinityApp/AppKit/KeyboardHandler.swift (in target 'NSInfinityApp' from project 'NSInfinityApp')

SwiftCompile normal arm64 /Users/axiolevns/axiolev_runtime/apps/ns_mac/NSInfinityApp/NSInfinityApp/AppKit/KeyboardHandler.swift (in target 'NSInfinityApp' from project 'NSInfinityApp')
    cd /Users/axiolevns/axiolev_runtime/apps/ns_mac/NSInfinityApp
    

SwiftCompile normal arm64 Compiling\ WindowManager.swift /Users/axiolevns/axiolev_runtime/apps/ns_mac/NSInfinityApp/NSInfinityApp/AppKit/WindowManager.swift (in target 'NSInfinityApp' from project 'NSInfinityApp')

SwiftCompile normal arm64 /Users/axiolevns/axiolev_runtime/apps/ns_mac/NSInfinityApp/NSInfinityApp/AppKit/WindowManager.swift (in target 'NSInfinityApp' from project 'NSInfinityApp')
    cd /Users/axiolevns/axiolev_runtime/apps/ns_mac/NSInfinityApp
    

SwiftCompile normal arm64 Compiling\ GeneratedAssetSymbols.swift /Users/axiolevns/axiolev_runtime/.build/ui_runs/20260424_153904/derived/Build/Intermediates.noindex/NSInfinityApp.build/Debug/NSInfinityApp.build/DerivedSources/GeneratedAssetSymbols.swift (in target 'NSInfinityApp' from project 'NSInfinityApp')

SwiftCompile normal arm64 /Users/axiolevns/axiolev_runtime/.build/ui_runs/20260424_153904/derived/Build/Intermediates.noindex/NSInfinityApp.build/Debug/NSInfinityApp.build/DerivedSources/GeneratedAssetSymbols.swift (in target 'NSInfinityApp' from project 'NSInfinityApp')
    cd /Users/axiolevns/axiolev_runtime/apps/ns_mac/NSInfinityApp
    

SwiftCompile normal arm64 Compiling\ AlexandriaView.swift /Users/axiolevns/axiolev_runtime/apps/ns_mac/NSInfinityApp/NSInfinityApp/Features/AlexandriaView.swift (in target 'NSInfinityApp' from project 'NSInfinityApp')
SwiftCompile normal arm64 /Users/axiolevns/axiolev_runtime/apps/ns_mac/NSInfinityApp/NSInfinityApp/Features/AlexandriaView.swift (in target 'NSInfinityApp' from project 'NSInfinityApp')
    cd /Users/axiolevns/axiolev_runtime/apps/ns_mac/NSInfinityApp
    

SwiftCompile normal arm64 Compiling\ OmegaView.swift /Users/axiolevns/axiolev_runtime/apps/ns_mac/NSInfinityApp/NSInfinityApp/Features/OmegaView.swift (in target 'NSInfinityApp' from project 'NSInfinityApp')
SwiftCompile normal arm64 /Users/axiolevns/axiolev_runtime/apps/ns_mac/NSInfinityApp/NSInfinityApp/Features/OmegaView.swift (in target 'NSInfinityApp' from project 'NSInfinityApp')
    cd /Users/axiolevns/axiolev_runtime/apps/ns_mac/NSInfinityApp
    

SwiftCompile normal arm64 Compiling\ VoiceOverlay.swift /Users/axiolevns/axiolev_runtime/apps/ns_mac/NSInfinityApp/NSInfinityApp/Shell/VoiceOverlay.swift (in target 'NSInfinityApp' from project 'NSInfinityApp')

SwiftCompile normal arm64 /Users/axiolevns/axiolev_runtime/apps/ns_mac/NSInfinityApp/NSInfinityApp/Shell/VoiceOverlay.swift (in target 'NSInfinityApp' from project 'NSInfinityApp')
    cd /Users/axiolevns/axiolev_runtime/apps/ns_mac/NSInfinityApp
    

SwiftCompile normal arm64 Compiling\ BottomTimeline.swift /Users/axiolevns/axiolev_runtime/apps/ns_mac/NSInfinityApp/NSInfinityApp/Shell/BottomTimeline.swift (in target 'NSInfinityApp' from project 'NSInfinityApp')

SwiftCompile normal arm64 /Users/axiolevns/axiolev_runtime/apps/ns_mac/NSInfinityApp/NSInfinityApp/Shell/BottomTimeline.swift (in target 'NSInfinityApp' from project 'NSInfinityApp')
    cd /Users/axiolevns/axiolev_runtime/apps/ns_mac/NSInfinityApp
    

SwiftCompile normal arm64 Compiling\ EngineRoomView.swift /Users/axiolevns/axiolev_runtime/apps/ns_mac/NSInfinityApp/NSInfinityApp/Features/EngineRoomView.swift (in target 'NSInfinityApp' from project 'NSInfinityApp')
SwiftCompile normal arm64 /Users/axiolevns/axiolev_runtime/apps/ns_mac/NSInfinityApp/NSInfinityApp/Features/EngineRoomView.swift (in target 'NSInfinityApp' from project 'NSInfinityApp')
    cd /Users/axiolevns/axiolev_runtime/apps/ns_mac/NSInfinityApp
    

SwiftCompile normal arm64 Compiling\ GovernanceView.swift /Users/axiolevns/axiolev_runtime/apps/ns_mac/NSInfinityApp/NSInfinityApp/Features/GovernanceView.swift (in target 'NSInfinityApp' from project 'NSInfinityApp')

SwiftCompile normal arm64 /Users/axiolevns/axiolev_runtime/apps/ns_mac/NSInfinityApp/NSInfinityApp/Features/GovernanceView.swift (in target 'NSInfinityApp' from project 'NSInfinityApp')
    cd /Users/axiolevns/axiolev_runtime/apps/ns_mac/NSInfinityApp
    

SwiftCompile normal arm64 Compiling\ FounderHomeView.swift /Users/axiolevns/axiolev_runtime/apps/ns_mac/NSInfinityApp/NSInfinityApp/Features/FounderHomeView.swift (in target 'NSInfinityApp' from project 'NSInfinityApp')

SwiftCompile normal arm64 /Users/axiolevns/axiolev_runtime/apps/ns_mac/NSInfinityApp/NSInfinityApp/Features/FounderHomeView.swift (in target 'NSInfinityApp' from project 'NSInfinityApp')
    cd /Users/axiolevns/axiolev_runtime/apps/ns_mac/NSInfinityApp
    

SwiftCompile normal arm64 Compiling\ LivingArchitectureView.swift /Users/axiolevns/axiolev_runtime/apps/ns_mac/NSInfinityApp/NSInfinityApp/Features/LivingArchitectureView.swift (in target 'NSInfinityApp' from project 'NSInfinityApp')

SwiftCompile normal arm64 /Users/axiolevns/axiolev_runtime/apps/ns_mac/NSInfinityApp/NSInfinityApp/Features/LivingArchitectureView.swift (in target 'NSInfinityApp' from project 'NSInfinityApp')
    cd /Users/axiolevns/axiolev_runtime/apps/ns_mac/NSInfinityApp
    

SwiftCompile normal arm64 Compiling\ TopBar.swift /Users/axiolevns/axiolev_runtime/apps/ns_mac/NSInfinityApp/NSInfinityApp/Shell/TopBar.swift (in target 'NSInfinityApp' from project 'NSInfinityApp')

SwiftCompile normal arm64 /Users/axiolevns/axiolev_runtime/apps/ns_mac/NSInfinityApp/NSInfinityApp/Shell/TopBar.swift (in target 'NSInfinityApp' from project 'NSInfinityApp')
    cd /Users/axiolevns/axiolev_runtime/apps/ns_mac/NSInfinityApp
    

SwiftCompile normal arm64 Compiling\ LeftRail.swift /Users/axiolevns/axiolev_runtime/apps/ns_mac/NSInfinityApp/NSInfinityApp/Shell/LeftRail.swift (in target 'NSInfinityApp' from project 'NSInfinityApp')

SwiftCompile normal arm64 /Users/axiolevns/axiolev_runtime/apps/ns_mac/NSInfinityApp/NSInfinityApp/Shell/LeftRail.swift (in target 'NSInfinityApp' from project 'NSInfinityApp')
    cd /Users/axiolevns/axiolev_runtime/apps/ns_mac/NSInfinityApp
    

SwiftCompile normal arm64 Compiling\ RightInspector.swift /Users/axiolevns/axiolev_runtime/apps/ns_mac/NSInfinityApp/NSInfinityApp/Shell/RightInspector.swift (in target 'NSInfinityApp' from project 'NSInfinityApp')

SwiftCompile normal arm64 /Users/axiolevns/axiolev_runtime/apps/ns_mac/NSInfinityApp/NSInfinityApp/Shell/RightInspector.swift (in target 'NSInfinityApp' from project 'NSInfinityApp')
    cd /Users/axiolevns/axiolev_runtime/apps/ns_mac/NSInfinityApp
    

SwiftCompile normal arm64 Compiling\ AppShell.swift /Users/axiolevns/axiolev_runtime/apps/ns_mac/NSInfinityApp/NSInfinityApp/Shell/AppShell.swift (in target 'NSInfinityApp' from project 'NSInfinityApp')

SwiftCompile normal arm64 /Users/axiolevns/axiolev_runtime/apps/ns_mac/NSInfinityApp/NSInfinityApp/Shell/AppShell.swift (in target 'NSInfinityApp' from project 'NSInfinityApp')
    cd /Users/axiolevns/axiolev_runtime/apps/ns_mac/NSInfinityApp
    

SwiftCompile normal arm64 Compiling\ NSInfinityApp.swift /Users/axiolevns/axiolev_runtime/apps/ns_mac/NSInfinityApp/NSInfinityApp/App/NSInfinityApp.swift (in target 'NSInfinityApp' from project 'NSInfinityApp')

SwiftCompile normal arm64 /Users/axiolevns/axiolev_runtime/apps/ns_mac/NSInfinityApp/NSInfinityApp/App/NSInfinityApp.swift (in target 'NSInfinityApp' from project 'NSInfinityApp')
    cd /Users/axiolevns/axiolev_runtime/apps/ns_mac/NSInfinityApp
    

SwiftCompile normal arm64 Compiling\ AppDelegate.swift /Users/axiolevns/axiolev_runtime/apps/ns_mac/NSInfinityApp/NSInfinityApp/App/AppDelegate.swift (in target 'NSInfinityApp' from project 'NSInfinityApp')

SwiftCompile normal arm64 /Users/axiolevns/axiolev_runtime/apps/ns_mac/NSInfinityApp/NSInfinityApp/App/AppDelegate.swift (in target 'NSInfinityApp' from project 'NSInfinityApp')
    cd /Users/axiolevns/axiolev_runtime/apps/ns_mac/NSInfinityApp
    

SwiftCompile normal arm64 Compiling\ CenterCanvas.swift /Users/axiolevns/axiolev_runtime/apps/ns_mac/NSInfinityApp/NSInfinityApp/Shell/CenterCanvas.swift (in target 'NSInfinityApp' from project 'NSInfinityApp')

SwiftCompile normal arm64 /Users/axiolevns/axiolev_runtime/apps/ns_mac/NSInfinityApp/NSInfinityApp/Shell/CenterCanvas.swift (in target 'NSInfinityApp' from project 'NSInfinityApp')
    cd /Users/axiolevns/axiolev_runtime/apps/ns_mac/NSInfinityApp
    

SwiftDriverJobDiscovery normal arm64 Emitting module for NSInfinityApp (in target 'NSInfinityApp' from project 'NSInfinityApp')

SwiftDriver\ Compilation\ Requirements NSInfinityApp normal arm64 com.apple.xcode.tools.swift.compiler (in target 'NSInfinityApp' from project 'NSInfinityApp')
    cd /Users/axiolevns/axiolev_runtime/apps/ns_mac/NSInfinityApp
    builtin-Swift-Compilation-Requirements -- /Applications/Xcode.app/Contents/Developer/Toolchains/XcodeDefault.xctoolchain/usr/bin/swiftc -module-name NSInfinityApp -Onone @/Users/axiolevns/axiolev_runtime/.build/ui_runs/20260424_153904/derived/Build/Intermediates.noindex/NSInfinityApp.build/Debug/NSInfinityApp.build/Objects-normal/arm64/NSInfinityApp.SwiftFileList -DDEBUG -enable-bare-slash-regex -enable-experimental-feature DebugDescriptionMacro -sdk /Applications/Xcode.app/Contents/Developer/Platforms/MacOSX.platform/Developer/SDKs/MacOSX26.4.sdk -target arm64-apple-macos14.0 -g -module-cache-path /Users/axiolevns/axiolev_runtime/.build/ui_runs/20260424_153904/derived/ModuleCache.noindex -Xfrontend -serialize-debugging-options -enable-testing -index-store-path /Users/axiolevns/axiolev_runtime/.build/ui_runs/20260424_153904/derived/Index.noindex/DataStore -Xcc -D_LIBCPP_HARDENING_MODE\=_LIBCPP_HARDENING_MODE_DEBUG -swift-version 5 -I /Users/axiolevns/axiolev_runtime/.build/ui_runs/20260424_153904/derived/Build/Products/Debug -F /Users/axiolevns/axiolev_runtime/.build/ui_runs/20260424_153904/derived/Build/Products/Debug -emit-localized-strings -emit-localized-strings-path /Users/axiolevns/axiolev_runtime/.build/ui_runs/20260424_153904/derived/Build/Intermediates.noindex/NSInfinityApp.build/Debug/NSInfinityApp.build/Objects-normal/arm64 -c -j28 -enable-batch-mode -incremental -Xcc -ivfsstatcache -Xcc /Users/axiolevns/axiolev_runtime/.build/ui_runs/20260424_153904/derived/SDKStatCaches.noindex/macosx26.4-25E251-688ef53f1462e2c8f657fdc38a81448f30f9ca8789b706f8bd3fc906a70d770f.sdkstatcache -output-file-map /Users/axiolevns/axiolev_runtime/.build/ui_runs/20260424_153904/derived/Build/Intermediates.noindex/NSInfinityApp.build/Debug/NSInfinityApp.build/Objects-normal/arm64/NSInfinityApp-OutputFileMap.json -use-frontend-parseable-output -save-temps -no-color-diagnostics -explicit-module-build -module-cache-path /Users/axiolevns/axiolev_runtime/.build/ui_runs/20260424_153904/derived/Build/Intermediates.noindex/SwiftExplicitPrecompiledModules -clang-scanner-module-cache-path /Users/axiolevns/axiolev_runtime/.build/ui_runs/20260424_153904/derived/ModuleCache.noindex -sdk-module-cache-path /Users/axiolevns/axiolev_runtime/.build/ui_runs/20260424_153904/derived/ModuleCache.noindex -serialize-diagnostics -emit-dependencies -emit-module -emit-module-path /Users/axiolevns/axiolev_runtime/.build/ui_runs/20260424_153904/derived/Build/Intermediates.noindex/NSInfinityApp.build/Debug/NSInfinityApp.build/Objects-normal/arm64/NSInfinityApp.swiftmodule -validate-clang-modules-once -clang-build-session-file /Users/axiolevns/axiolev_runtime/.build/ui_runs/20260424_153904/derived/ModuleCache.noindex/Session.modulevalidation -Xcc -I/Users/axiolevns/axiolev_runtime/.build/ui_runs/20260424_153904/derived/Build/Intermediates.noindex/NSInfinityApp.build/Debug/NSInfinityApp.build/swift-overrides.hmap -emit-const-values -Xfrontend -const-gather-protocols-file -Xfrontend /Users/axiolevns/axiolev_runtime/.build/ui_runs/20260424_153904/derived/Build/Intermediates.noindex/NSInfinityApp.build/Debug/NSInfinityApp.build/Objects-normal/arm64/NSInfinityApp_const_extract_protocols.json -Xcc -iquote -Xcc /Users/axiolevns/axiolev_runtime/.build/ui_runs/20260424_153904/derived/Build/Intermediates.noindex/NSInfinityApp.build/Debug/NSInfinityApp.build/NSInfinityApp-generated-files.hmap -Xcc -I/Users/axiolevns/axiolev_runtime/.build/ui_runs/20260424_153904/derived/Build/Intermediates.noindex/NSInfinityApp.build/Debug/NSInfinityApp.build/NSInfinityApp-own-target-headers.hmap -Xcc -I/Users/axiolevns/axiolev_runtime/.build/ui_runs/20260424_153904/derived/Build/Intermediates.noindex/NSInfinityApp.build/Debug/NSInfinityApp.build/NSInfinityApp-all-target-headers.hmap -Xcc -iquote -Xcc /Users/axiolevns/axiolev_runtime/.build/ui_runs/20260424_153904/derived/Build/Intermediates.noindex/NSInfinityApp.build/Debug/NSInfinityApp.build/NSInfinityApp-project-headers.hmap -Xcc -I/Users/axiolevns/axiolev_runtime/.build/ui_runs/20260424_153904/derived/Build/Products/Debug/include -Xcc -I/Users/axiolevns/axiolev_runtime/.build/ui_runs/20260424_153904/derived/Build/Intermediates.noindex/NSInfinityApp.build/Debug/NSInfinityApp.build/DerivedSources-normal/arm64 -Xcc -I/Users/axiolevns/axiolev_runtime/.build/ui_runs/20260424_153904/derived/Build/Intermediates.noindex/NSInfinityApp.build/Debug/NSInfinityApp.build/DerivedSources/arm64 -Xcc -I/Users/axiolevns/axiolev_runtime/.build/ui_runs/20260424_153904/derived/Build/Intermediates.noindex/NSInfinityApp.build/Debug/NSInfinityApp.build/DerivedSources -Xcc -DDEBUG\=1 -emit-objc-header -emit-objc-header-path /Users/axiolevns/axiolev_runtime/.build/ui_runs/20260424_153904/derived/Build/Intermediates.noindex/NSInfinityApp.build/Debug/NSInfinityApp.build/Objects-normal/arm64/NSInfinityApp-Swift.h -working-directory /Users/axiolevns/axiolev_runtime/apps/ns_mac/NSInfinityApp -experimental-emit-module-separately -disable-cmo

SwiftMergeGeneratedHeaders /Users/axiolevns/axiolev_runtime/.build/ui_runs/20260424_153904/derived/Build/Intermediates.noindex/NSInfinityApp.build/Debug/NSInfinityApp.build/DerivedSources/NSInfinityApp-Swift.h /Users/axiolevns/axiolev_runtime/.build/ui_runs/20260424_153904/derived/Build/Intermediates.noindex/NSInfinityApp.build/Debug/NSInfinityApp.build/Objects-normal/arm64/NSInfinityApp-Swift.h (in target 'NSInfinityApp' from project 'NSInfinityApp')
    cd /Users/axiolevns/axiolev_runtime/apps/ns_mac/NSInfinityApp
    builtin-swiftHeaderTool -arch arm64 /Users/axiolevns/axiolev_runtime/.build/ui_runs/20260424_153904/derived/Build/Intermediates.noindex/NSInfinityApp.build/Debug/NSInfinityApp.build/Objects-normal/arm64/NSInfinityApp-Swift.h -o /Users/axiolevns/axiolev_runtime/.build/ui_runs/20260424_153904/derived/Build/Intermediates.noindex/NSInfinityApp.build/Debug/NSInfinityApp.build/DerivedSources/NSInfinityApp-Swift.h

Copy /Users/axiolevns/axiolev_runtime/.build/ui_runs/20260424_153904/derived/Build/Products/Debug/NSInfinityApp.swiftmodule/arm64-apple-macos.swiftmodule /Users/axiolevns/axiolev_runtime/.build/ui_runs/20260424_153904/derived/Build/Intermediates.noindex/NSInfinityApp.build/Debug/NSInfinityApp.build/Objects-normal/arm64/NSInfinityApp.swiftmodule (in target 'NSInfinityApp' from project 'NSInfinityApp')
    cd /Users/axiolevns/axiolev_runtime/apps/ns_mac/NSInfinityApp
    builtin-copy -exclude .DS_Store -exclude CVS -exclude .svn -exclude .git -exclude .hg -resolve-src-symlinks -rename /Users/axiolevns/axiolev_runtime/.build/ui_runs/20260424_153904/derived/Build/Intermediates.noindex/NSInfinityApp.build/Debug/NSInfinityApp.build/Objects-normal/arm64/NSInfinityApp.swiftmodule /Users/axiolevns/axiolev_runtime/.build/ui_runs/20260424_153904/derived/Build/Products/Debug/NSInfinityApp.swiftmodule/arm64-apple-macos.swiftmodule

Copy /Users/axiolevns/axiolev_runtime/.build/ui_runs/20260424_153904/derived/Build/Products/Debug/NSInfinityApp.swiftmodule/arm64-apple-macos.swiftdoc /Users/axiolevns/axiolev_runtime/.build/ui_runs/20260424_153904/derived/Build/Intermediates.noindex/NSInfinityApp.build/Debug/NSInfinityApp.build/Objects-normal/arm64/NSInfinityApp.swiftdoc (in target 'NSInfinityApp' from project 'NSInfinityApp')
    cd /Users/axiolevns/axiolev_runtime/apps/ns_mac/NSInfinityApp
    builtin-copy -exclude .DS_Store -exclude CVS -exclude .svn -exclude .git -exclude .hg -resolve-src-symlinks -rename /Users/axiolevns/axiolev_runtime/.build/ui_runs/20260424_153904/derived/Build/Intermediates.noindex/NSInfinityApp.build/Debug/NSInfinityApp.build/Objects-normal/arm64/NSInfinityApp.swiftdoc /Users/axiolevns/axiolev_runtime/.build/ui_runs/20260424_153904/derived/Build/Products/Debug/NSInfinityApp.swiftmodule/arm64-apple-macos.swiftdoc

Copy /Users/axiolevns/axiolev_runtime/.build/ui_runs/20260424_153904/derived/Build/Products/Debug/NSInfinityApp.swiftmodule/arm64-apple-macos.abi.json /Users/axiolevns/axiolev_runtime/.build/ui_runs/20260424_153904/derived/Build/Intermediates.noindex/NSInfinityApp.build/Debug/NSInfinityApp.build/Objects-normal/arm64/NSInfinityApp.abi.json (in target 'NSInfinityApp' from project 'NSInfinityApp')
    cd /Users/axiolevns/axiolev_runtime/apps/ns_mac/NSInfinityApp
    builtin-copy -exclude .DS_Store -exclude CVS -exclude .svn -exclude .git -exclude .hg -resolve-src-symlinks -rename /Users/axiolevns/axiolev_runtime/.build/ui_runs/20260424_153904/derived/Build/Intermediates.noindex/NSInfinityApp.build/Debug/NSInfinityApp.build/Objects-normal/arm64/NSInfinityApp.abi.json /Users/axiolevns/axiolev_runtime/.build/ui_runs/20260424_153904/derived/Build/Products/Debug/NSInfinityApp.swiftmodule/arm64-apple-macos.abi.json

Copy /Users/axiolevns/axiolev_runtime/.build/ui_runs/20260424_153904/derived/Build/Products/Debug/NSInfinityApp.swiftmodule/Project/arm64-apple-macos.swiftsourceinfo /Users/axiolevns/axiolev_runtime/.build/ui_runs/20260424_153904/derived/Build/Intermediates.noindex/NSInfinityApp.build/Debug/NSInfinityApp.build/Objects-normal/arm64/NSInfinityApp.swiftsourceinfo (in target 'NSInfinityApp' from project 'NSInfinityApp')
    cd /Users/axiolevns/axiolev_runtime/apps/ns_mac/NSInfinityApp
    builtin-copy -exclude .DS_Store -exclude CVS -exclude .svn -exclude .git -exclude .hg -resolve-src-symlinks -rename /Users/axiolevns/axiolev_runtime/.build/ui_runs/20260424_153904/derived/Build/Intermediates.noindex/NSInfinityApp.build/Debug/NSInfinityApp.build/Objects-normal/arm64/NSInfinityApp.swiftsourceinfo /Users/axiolevns/axiolev_runtime/.build/ui_runs/20260424_153904/derived/Build/Products/Debug/NSInfinityApp.swiftmodule/Project/arm64-apple-macos.swiftsourceinfo

SwiftDriverJobDiscovery normal arm64 Compiling ServiceHealth.swift (in target 'NSInfinityApp' from project 'NSInfinityApp')

SwiftDriverJobDiscovery normal arm64 Compiling ScoreHistory.swift (in target 'NSInfinityApp' from project 'NSInfinityApp')

SwiftDriverJobDiscovery normal arm64 Compiling HealthPoller.swift (in target 'NSInfinityApp' from project 'NSInfinityApp')

SwiftDriverJobDiscovery normal arm64 Compiling RuntimeAPIClient.swift (in target 'NSInfinityApp' from project 'NSInfinityApp')

SwiftDriverJobDiscovery normal arm64 Compiling AppState.swift (in target 'NSInfinityApp' from project 'NSInfinityApp')

SwiftDriverJobDiscovery normal arm64 Compiling GeneratedAssetSymbols.swift (in target 'NSInfinityApp' from project 'NSInfinityApp')

SwiftDriverJobDiscovery normal arm64 Compiling OrganismRenderer.swift (in target 'NSInfinityApp' from project 'NSInfinityApp')

SwiftDriverJobDiscovery normal arm64 Compiling WindowManager.swift (in target 'NSInfinityApp' from project 'NSInfinityApp')

SwiftDriverJobDiscovery normal arm64 Compiling AppDelegate.swift (in target 'NSInfinityApp' from project 'NSInfinityApp')

SwiftDriverJobDiscovery normal arm64 Compiling KeyboardHandler.swift (in target 'NSInfinityApp' from project 'NSInfinityApp')

SwiftDriverJobDiscovery normal arm64 Compiling BuildSpaceView.swift (in target 'NSInfinityApp' from project 'NSInfinityApp')

SwiftDriverJobDiscovery normal arm64 Compiling DSColors.swift (in target 'NSInfinityApp' from project 'NSInfinityApp')

SwiftDriverJobDiscovery normal arm64 Compiling CenterCanvas.swift (in target 'NSInfinityApp' from project 'NSInfinityApp')

SwiftDriverJobDiscovery normal arm64 Compiling MetalView.swift (in target 'NSInfinityApp' from project 'NSInfinityApp')

SwiftDriverJobDiscovery normal arm64 Compiling LeftRail.swift (in target 'NSInfinityApp' from project 'NSInfinityApp')

SwiftDriverJobDiscovery normal arm64 Compiling NSInfinityApp.swift (in target 'NSInfinityApp' from project 'NSInfinityApp')

SwiftDriverJobDiscovery normal arm64 Compiling BottomTimeline.swift (in target 'NSInfinityApp' from project 'NSInfinityApp')

SwiftDriverJobDiscovery normal arm64 Compiling AppShell.swift (in target 'NSInfinityApp' from project 'NSInfinityApp')

SwiftDriverJobDiscovery normal arm64 Compiling TopBar.swift (in target 'NSInfinityApp' from project 'NSInfinityApp')

SwiftDriverJobDiscovery normal arm64 Compiling LivingArchitectureView.swift (in target 'NSInfinityApp' from project 'NSInfinityApp')

SwiftDriverJobDiscovery normal arm64 Compiling GovernanceView.swift (in target 'NSInfinityApp' from project 'NSInfinityApp')

SwiftDriverJobDiscovery normal arm64 Compiling VoiceOverlay.swift (in target 'NSInfinityApp' from project 'NSInfinityApp')

SwiftDriverJobDiscovery normal arm64 Compiling RightInspector.swift (in target 'NSInfinityApp' from project 'NSInfinityApp')

SwiftDriverJobDiscovery normal arm64 Compiling AlexandriaView.swift (in target 'NSInfinityApp' from project 'NSInfinityApp')

SwiftDriverJobDiscovery normal arm64 Compiling OmegaView.swift (in target 'NSInfinityApp' from project 'NSInfinityApp')

SwiftDriverJobDiscovery normal arm64 Compiling FounderHomeView.swift (in target 'NSInfinityApp' from project 'NSInfinityApp')

SwiftDriverJobDiscovery normal arm64 Compiling EngineRoomView.swift (in target 'NSInfinityApp' from project 'NSInfinityApp')

SwiftDriver\ Compilation NSInfinityApp normal arm64 com.apple.xcode.tools.swift.compiler (in target 'NSInfinityApp' from project 'NSInfinityApp')
    cd /Users/axiolevns/axiolev_runtime/apps/ns_mac/NSInfinityApp
    builtin-Swift-Compilation -- /Applications/Xcode.app/Contents/Developer/Toolchains/XcodeDefault.xctoolchain/usr/bin/swiftc -module-name NSInfinityApp -Onone @/Users/axiolevns/axiolev_runtime/.build/ui_runs/20260424_153904/derived/Build/Intermediates.noindex/NSInfinityApp.build/Debug/NSInfinityApp.build/Objects-normal/arm64/NSInfinityApp.SwiftFileList -DDEBUG -enable-bare-slash-regex -enable-experimental-feature DebugDescriptionMacro -sdk /Applications/Xcode.app/Contents/Developer/Platforms/MacOSX.platform/Developer/SDKs/MacOSX26.4.sdk -target arm64-apple-macos14.0 -g -module-cache-path /Users/axiolevns/axiolev_runtime/.build/ui_runs/20260424_153904/derived/ModuleCache.noindex -Xfrontend -serialize-debugging-options -enable-testing -index-store-path /Users/axiolevns/axiolev_runtime/.build/ui_runs/20260424_153904/derived/Index.noindex/DataStore -Xcc -D_LIBCPP_HARDENING_MODE\=_LIBCPP_HARDENING_MODE_DEBUG -swift-version 5 -I /Users/axiolevns/axiolev_runtime/.build/ui_runs/20260424_153904/derived/Build/Products/Debug -F /Users/axiolevns/axiolev_runtime/.build/ui_runs/20260424_153904/derived/Build/Products/Debug -emit-localized-strings -emit-localized-strings-path /Users/axiolevns/axiolev_runtime/.build/ui_runs/20260424_153904/derived/Build/Intermediates.noindex/NSInfinityApp.build/Debug/NSInfinityApp.build/Objects-normal/arm64 -c -j28 -enable-batch-mode -incremental -Xcc -ivfsstatcache -Xcc /Users/axiolevns/axiolev_runtime/.build/ui_runs/20260424_153904/derived/SDKStatCaches.noindex/macosx26.4-25E251-688ef53f1462e2c8f657fdc38a81448f30f9ca8789b706f8bd3fc906a70d770f.sdkstatcache -output-file-map /Users/axiolevns/axiolev_runtime/.build/ui_runs/20260424_153904/derived/Build/Intermediates.noindex/NSInfinityApp.build/Debug/NSInfinityApp.build/Objects-normal/arm64/NSInfinityApp-OutputFileMap.json -use-frontend-parseable-output -save-temps -no-color-diagnostics -explicit-module-build -module-cache-path /Users/axiolevns/axiolev_runtime/.build/ui_runs/20260424_153904/derived/Build/Intermediates.noindex/SwiftExplicitPrecompiledModules -clang-scanner-module-cache-path /Users/axiolevns/axiolev_runtime/.build/ui_runs/20260424_153904/derived/ModuleCache.noindex -sdk-module-cache-path /Users/axiolevns/axiolev_runtime/.build/ui_runs/20260424_153904/derived/ModuleCache.noindex -serialize-diagnostics -emit-dependencies -emit-module -emit-module-path /Users/axiolevns/axiolev_runtime/.build/ui_runs/20260424_153904/derived/Build/Intermediates.noindex/NSInfinityApp.build/Debug/NSInfinityApp.build/Objects-normal/arm64/NSInfinityApp.swiftmodule -validate-clang-modules-once -clang-build-session-file /Users/axiolevns/axiolev_runtime/.build/ui_runs/20260424_153904/derived/ModuleCache.noindex/Session.modulevalidation -Xcc -I/Users/axiolevns/axiolev_runtime/.build/ui_runs/20260424_153904/derived/Build/Intermediates.noindex/NSInfinityApp.build/Debug/NSInfinityApp.build/swift-overrides.hmap -emit-const-values -Xfrontend -const-gather-protocols-file -Xfrontend /Users/axiolevns/axiolev_runtime/.build/ui_runs/20260424_153904/derived/Build/Intermediates.noindex/NSInfinityApp.build/Debug/NSInfinityApp.build/Objects-normal/arm64/NSInfinityApp_const_extract_protocols.json -Xcc -iquote -Xcc /Users/axiolevns/axiolev_runtime/.build/ui_runs/20260424_153904/derived/Build/Intermediates.noindex/NSInfinityApp.build/Debug/NSInfinityApp.build/NSInfinityApp-generated-files.hmap -Xcc -I/Users/axiolevns/axiolev_runtime/.build/ui_runs/20260424_153904/derived/Build/Intermediates.noindex/NSInfinityApp.build/Debug/NSInfinityApp.build/NSInfinityApp-own-target-headers.hmap -Xcc -I/Users/axiolevns/axiolev_runtime/.build/ui_runs/20260424_153904/derived/Build/Intermediates.noindex/NSInfinityApp.build/Debug/NSInfinityApp.build/NSInfinityApp-all-target-headers.hmap -Xcc -iquote -Xcc /Users/axiolevns/axiolev_runtime/.build/ui_runs/20260424_153904/derived/Build/Intermediates.noindex/NSInfinityApp.build/Debug/NSInfinityApp.build/NSInfinityApp-project-headers.hmap -Xcc -I/Users/axiolevns/axiolev_runtime/.build/ui_runs/20260424_153904/derived/Build/Products/Debug/include -Xcc -I/Users/axiolevns/axiolev_runtime/.build/ui_runs/20260424_153904/derived/Build/Intermediates.noindex/NSInfinityApp.build/Debug/NSInfinityApp.build/DerivedSources-normal/arm64 -Xcc -I/Users/axiolevns/axiolev_runtime/.build/ui_runs/20260424_153904/derived/Build/Intermediates.noindex/NSInfinityApp.build/Debug/NSInfinityApp.build/DerivedSources/arm64 -Xcc -I/Users/axiolevns/axiolev_runtime/.build/ui_runs/20260424_153904/derived/Build/Intermediates.noindex/NSInfinityApp.build/Debug/NSInfinityApp.build/DerivedSources -Xcc -DDEBUG\=1 -emit-objc-header -emit-objc-header-path /Users/axiolevns/axiolev_runtime/.build/ui_runs/20260424_153904/derived/Build/Intermediates.noindex/NSInfinityApp.build/Debug/NSInfinityApp.build/Objects-normal/arm64/NSInfinityApp-Swift.h -working-directory /Users/axiolevns/axiolev_runtime/apps/ns_mac/NSInfinityApp -experimental-emit-module-separately -disable-cmo

Ld /Users/axiolevns/axiolev_runtime/.build/ui_runs/20260424_153904/derived/Build/Products/Debug/NSInfinityApp.app/Contents/MacOS/NSInfinityApp.debug.dylib normal (in target 'NSInfinityApp' from project 'NSInfinityApp')
    cd /Users/axiolevns/axiolev_runtime/apps/ns_mac/NSInfinityApp
    /Applications/Xcode.app/Contents/Developer/Toolchains/XcodeDefault.xctoolchain/usr/bin/clang -Xlinker -reproducible -target arm64-apple-macos14.0 -dynamiclib -isysroot /Applications/Xcode.app/Contents/Developer/Platforms/MacOSX.platform/Developer/SDKs/MacOSX26.4.sdk -O0 -L/Users/axiolevns/axiolev_runtime/.build/ui_runs/20260424_153904/derived/Build/Intermediates.noindex/EagerLinkingTBDs/Debug -L/Users/axiolevns/axiolev_runtime/.build/ui_runs/20260424_153904/derived/Build/Products/Debug -F/Users/axiolevns/axiolev_runtime/.build/ui_runs/20260424_153904/derived/Build/Intermediates.noindex/EagerLinkingTBDs/Debug -F/Users/axiolevns/axiolev_runtime/.build/ui_runs/20260424_153904/derived/Build/Products/Debug -filelist /Users/axiolevns/axiolev_runtime/.build/ui_runs/20260424_153904/derived/Build/Intermediates.noindex/NSInfinityApp.build/Debug/NSInfinityApp.build/Objects-normal/arm64/NSInfinityApp.LinkFileList -install_name @rpath/NSInfinityApp.debug.dylib -Xlinker -rpath -Xlinker /usr/lib/swift -Xlinker -rpath -Xlinker @executable_path/../Frameworks -Xlinker -object_path_lto -Xlinker /Users/axiolevns/axiolev_runtime/.build/ui_runs/20260424_153904/derived/Build/Intermediates.noindex/NSInfinityApp.build/Debug/NSInfinityApp.build/Objects-normal/arm64/NSInfinityApp_lto.o -rdynamic -Xlinker -no_deduplicate -Xlinker -dependency_info -Xlinker /Users/axiolevns/axiolev_runtime/.build/ui_runs/20260424_153904/derived/Build/Intermediates.noindex/NSInfinityApp.build/Debug/NSInfinityApp.build/Objects-normal/arm64/NSInfinityApp_dependency_info.dat -fobjc-link-runtime -L/Applications/Xcode.app/Contents/Developer/Toolchains/XcodeDefault.xctoolchain/usr/lib/swift/macosx -L/usr/lib/swift -Xlinker -add_ast_path -Xlinker /Users/axiolevns/axiolev_runtime/.build/ui_runs/20260424_153904/derived/Build/Intermediates.noindex/NSInfinityApp.build/Debug/NSInfinityApp.build/Objects-normal/arm64/NSInfinityApp.swiftmodule @/Users/axiolevns/axiolev_runtime/.build/ui_runs/20260424_153904/derived/Build/Intermediates.noindex/NSInfinityApp.build/Debug/NSInfinityApp.build/Objects-normal/arm64/NSInfinityApp-linker-args.resp -Xlinker -alias -Xlinker _main -Xlinker ___debug_main_executable_dylib_entry_point -framework Metal -framework MetalKit -o /Users/axiolevns/axiolev_runtime/.build/ui_runs/20260424_153904/derived/Build/Products/Debug/NSInfinityApp.app/Contents/MacOS/NSInfinityApp.debug.dylib

ConstructStubExecutorLinkFileList /Users/axiolevns/axiolev_runtime/.build/ui_runs/20260424_153904/derived/Build/Intermediates.noindex/NSInfinityApp.build/Debug/NSInfinityApp.build/NSInfinityApp-ExecutorLinkFileList-normal-arm64.txt (in target 'NSInfinityApp' from project 'NSInfinityApp')
    cd /Users/axiolevns/axiolev_runtime/apps/ns_mac/NSInfinityApp
    construct-stub-executor-link-file-list /Users/axiolevns/axiolev_runtime/.build/ui_runs/20260424_153904/derived/Build/Products/Debug/NSInfinityApp.app/Contents/MacOS/NSInfinityApp.debug.dylib /Applications/Xcode.app/Contents/Developer/Platforms/MacOSX.platform/Developer/usr/lib/libPreviewsJITStubExecutor_no_swift_entry_point.a /Applications/Xcode.app/Contents/Developer/Platforms/MacOSX.platform/Developer/usr/lib/libPreviewsJITStubExecutor.a --output /Users/axiolevns/axiolev_runtime/.build/ui_runs/20260424_153904/derived/Build/Intermediates.noindex/NSInfinityApp.build/Debug/NSInfinityApp.build/NSInfinityApp-ExecutorLinkFileList-normal-arm64.txt
note: Using stub executor library with Swift entry point. (in target 'NSInfinityApp' from project 'NSInfinityApp')

Ld /Users/axiolevns/axiolev_runtime/.build/ui_runs/20260424_153904/derived/Build/Products/Debug/NSInfinityApp.app/Contents/MacOS/NSInfinityApp normal (in target 'NSInfinityApp' from project 'NSInfinityApp')
    cd /Users/axiolevns/axiolev_runtime/apps/ns_mac/NSInfinityApp
    /Applications/Xcode.app/Contents/Developer/Toolchains/XcodeDefault.xctoolchain/usr/bin/clang -Xlinker -reproducible -target arm64-apple-macos14.0 -isysroot /Applications/Xcode.app/Contents/Developer/Platforms/MacOSX.platform/Developer/SDKs/MacOSX26.4.sdk -O0 -L/Users/axiolevns/axiolev_runtime/.build/ui_runs/20260424_153904/derived/Build/Products/Debug -F/Users/axiolevns/axiolev_runtime/.build/ui_runs/20260424_153904/derived/Build/Products/Debug -Xlinker -rpath -Xlinker @executable_path -Xlinker -rpath -Xlinker @executable_path/../Frameworks -rdynamic -Xlinker -no_deduplicate -e ___debug_blank_executor_main -Xlinker -sectcreate -Xlinker __TEXT -Xlinker __debug_dylib -Xlinker /Users/axiolevns/axiolev_runtime/.build/ui_runs/20260424_153904/derived/Build/Intermediates.noindex/NSInfinityApp.build/Debug/NSInfinityApp.build/NSInfinityApp-DebugDylibPath-normal-arm64.txt -Xlinker -sectcreate -Xlinker __TEXT -Xlinker __debug_instlnm -Xlinker /Users/axiolevns/axiolev_runtime/.build/ui_runs/20260424_153904/derived/Build/Intermediates.noindex/NSInfinityApp.build/Debug/NSInfinityApp.build/NSInfinityApp-DebugDylibInstallName-normal-arm64.txt -Xlinker -filelist -Xlinker /Users/axiolevns/axiolev_runtime/.build/ui_runs/20260424_153904/derived/Build/Intermediates.noindex/NSInfinityApp.build/Debug/NSInfinityApp.build/NSInfinityApp-ExecutorLinkFileList-normal-arm64.txt /Users/axiolevns/axiolev_runtime/.build/ui_runs/20260424_153904/derived/Build/Products/Debug/NSInfinityApp.app/Contents/MacOS/NSInfinityApp.debug.dylib -o /Users/axiolevns/axiolev_runtime/.build/ui_runs/20260424_153904/derived/Build/Products/Debug/NSInfinityApp.app/Contents/MacOS/NSInfinityApp

CopySwiftLibs /Users/axiolevns/axiolev_runtime/.build/ui_runs/20260424_153904/derived/Build/Products/Debug/NSInfinityApp.app (in target 'NSInfinityApp' from project 'NSInfinityApp')
    cd /Users/axiolevns/axiolev_runtime/apps/ns_mac/NSInfinityApp
    builtin-swiftStdLibTool --copy --verbose --scan-executable /Users/axiolevns/axiolev_runtime/.build/ui_runs/20260424_153904/derived/Build/Products/Debug/NSInfinityApp.app/Contents/MacOS/NSInfinityApp.debug.dylib --scan-folder /Users/axiolevns/axiolev_runtime/.build/ui_runs/20260424_153904/derived/Build/Products/Debug/NSInfinityApp.app/Contents/Frameworks --scan-folder /Users/axiolevns/axiolev_runtime/.build/ui_runs/20260424_153904/derived/Build/Products/Debug/NSInfinityApp.app/Contents/PlugIns --scan-folder /Users/axiolevns/axiolev_runtime/.build/ui_runs/20260424_153904/derived/Build/Products/Debug/NSInfinityApp.app/Contents/Library/SystemExtensions --scan-folder /Users/axiolevns/axiolev_runtime/.build/ui_runs/20260424_153904/derived/Build/Products/Debug/NSInfinityApp.app/Contents/Extensions --scan-folder /Applications/Xcode.app/Contents/Developer/Platforms/MacOSX.platform/Developer/SDKs/MacOSX26.4.sdk/System/Library/Frameworks/Metal.framework --scan-folder /Applications/Xcode.app/Contents/Developer/Platforms/MacOSX.platform/Developer/SDKs/MacOSX26.4.sdk/System/Library/Frameworks/MetalKit.framework --platform macosx --toolchain /var/run/com.apple.security.cryptexd/mnt/com.apple.MobileAsset.MetalToolchain-v17.5.188.0.02e4cN/Metal.xctoolchain --toolchain /Applications/Xcode.app/Contents/Developer/Toolchains/XcodeDefault.xctoolchain --destination /Users/axiolevns/axiolev_runtime/.build/ui_runs/20260424_153904/derived/Build/Products/Debug/NSInfinityApp.app/Contents/Frameworks --strip-bitcode --strip-bitcode-tool /Applications/Xcode.app/Contents/Developer/Toolchains/XcodeDefault.xctoolchain/usr/bin/bitcode_strip --emit-dependency-info /Users/axiolevns/axiolev_runtime/.build/ui_runs/20260424_153904/derived/Build/Intermediates.noindex/NSInfinityApp.build/Debug/NSInfinityApp.build/SwiftStdLibToolInputDependencies.dep --filter-for-swift-os --back-deploy-swift-span
Ignoring --strip-bitcode because --sign was not passed

ExtractAppIntentsMetadata (in target 'NSInfinityApp' from project 'NSInfinityApp')
    cd /Users/axiolevns/axiolev_runtime/apps/ns_mac/NSInfinityApp
    /Applications/Xcode.app/Contents/Developer/Toolchains/XcodeDefault.xctoolchain/usr/bin/appintentsmetadataprocessor --toolchain-dir /var/run/com.apple.security.cryptexd/mnt/com.apple.MobileAsset.MetalToolchain-v17.5.188.0.02e4cN/Metal.xctoolchain --module-name NSInfinityApp --sdk-root /Applications/Xcode.app/Contents/Developer/Platforms/MacOSX.platform/Developer/SDKs/MacOSX26.4.sdk --xcode-version 17E202 --platform-family macOS --deployment-target 14.0 --bundle-identifier com.axiolev.NSInfinityApp --output /Users/axiolevns/axiolev_runtime/.build/ui_runs/20260424_153904/derived/Build/Products/Debug/NSInfinityApp.app/Contents/Resources --target-triple arm64-apple-macos14.0 --binary-file /Users/axiolevns/axiolev_runtime/.build/ui_runs/20260424_153904/derived/Build/Products/Debug/NSInfinityApp.app/Contents/MacOS/NSInfinityApp --dependency-file /Users/axiolevns/axiolev_runtime/.build/ui_runs/20260424_153904/derived/Build/Intermediates.noindex/NSInfinityApp.build/Debug/NSInfinityApp.build/Objects-normal/arm64/NSInfinityApp_dependency_info.dat --stringsdata-file /Users/axiolevns/axiolev_runtime/.build/ui_runs/20260424_153904/derived/Build/Intermediates.noindex/NSInfinityApp.build/Debug/NSInfinityApp.build/Objects-normal/arm64/ExtractedAppShortcutsMetadata.stringsdata --source-file-list /Users/axiolevns/axiolev_runtime/.build/ui_runs/20260424_153904/derived/Build/Intermediates.noindex/NSInfinityApp.build/Debug/NSInfinityApp.build/Objects-normal/arm64/NSInfinityApp.SwiftFileList --metadata-file-list /Users/axiolevns/axiolev_runtime/.build/ui_runs/20260424_153904/derived/Build/Intermediates.noindex/NSInfinityApp.build/Debug/NSInfinityApp.build/NSInfinityApp.DependencyMetadataFileList --static-metadata-file-list /Users/axiolevns/axiolev_runtime/.build/ui_runs/20260424_153904/derived/Build/Intermediates.noindex/NSInfinityApp.build/Debug/NSInfinityApp.build/NSInfinityApp.DependencyStaticMetadataFileList --swift-const-vals-list /Users/axiolevns/axiolev_runtime/.build/ui_runs/20260424_153904/derived/Build/Intermediates.noindex/NSInfinityApp.build/Debug/NSInfinityApp.build/Objects-normal/arm64/NSInfinityApp.SwiftConstValuesFileList --compile-time-extraction --deployment-aware-processing --validate-assistant-intents --no-app-shortcuts-localization
2026-04-24 15:39:13.300 appintentsmetadataprocessor[8667:123226] Starting appintentsmetadataprocessor export
2026-04-24 15:39:13.302 appintentsmetadataprocessor[8667:123226] warning: Metadata extraction skipped. No AppIntents.framework dependency found.

RegisterExecutionPolicyException /Users/axiolevns/axiolev_runtime/.build/ui_runs/20260424_153904/derived/Build/Products/Debug/NSInfinityApp.app (in target 'NSInfinityApp' from project 'NSInfinityApp')
    cd /Users/axiolevns/axiolev_runtime/apps/ns_mac/NSInfinityApp
    builtin-RegisterExecutionPolicyException /Users/axiolevns/axiolev_runtime/.build/ui_runs/20260424_153904/derived/Build/Products/Debug/NSInfinityApp.app

Validate /Users/axiolevns/axiolev_runtime/.build/ui_runs/20260424_153904/derived/Build/Products/Debug/NSInfinityApp.app (in target 'NSInfinityApp' from project 'NSInfinityApp')
    cd /Users/axiolevns/axiolev_runtime/apps/ns_mac/NSInfinityApp
    builtin-validationUtility /Users/axiolevns/axiolev_runtime/.build/ui_runs/20260424_153904/derived/Build/Products/Debug/NSInfinityApp.app -no-validate-extension -infoplist-subpath Contents/Info.plist

Touch /Users/axiolevns/axiolev_runtime/.build/ui_runs/20260424_153904/derived/Build/Products/Debug/NSInfinityApp.app (in target 'NSInfinityApp' from project 'NSInfinityApp')
    cd /Users/axiolevns/axiolev_runtime/apps/ns_mac/NSInfinityApp
    /usr/bin/touch -c /Users/axiolevns/axiolev_runtime/.build/ui_runs/20260424_153904/derived/Build/Products/Debug/NSInfinityApp.app

RegisterWithLaunchServices /Users/axiolevns/axiolev_runtime/.build/ui_runs/20260424_153904/derived/Build/Products/Debug/NSInfinityApp.app (in target 'NSInfinityApp' from project 'NSInfinityApp')
    cd /Users/axiolevns/axiolev_runtime/apps/ns_mac/NSInfinityApp
    /System/Library/Frameworks/CoreServices.framework/Versions/Current/Frameworks/LaunchServices.framework/Versions/Current/Support/lsregister -f -R -trusted /Users/axiolevns/axiolev_runtime/.build/ui_runs/20260424_153904/derived/Build/Products/Debug/NSInfinityApp.app

note: Disabling hardened runtime with ad-hoc codesigning. (in target 'NSInfinityApp' from project 'NSInfinityApp')
** BUILD SUCCEEDED **

